Archive member included because of file (symbol)

C:\Users\samsu\AppData\Local\Temp\arduino_cache_138925\core\core_02f97b69ad83e20fc58e413391494cff.a(Print.cpp.o)
                              libraries\Adafruit_SPIFlash\Adafruit_SPIFlash.cpp.o (Print::write(unsigned char const*, unsigned int))
C:\Users\samsu\AppData\Local\Temp\arduino_cache_138925\core\core_02f97b69ad83e20fc58e413391494cff.a(SERCOM.cpp.o)
                              core\variant.cpp.o (SERCOM::SERCOM(Sercom*))
C:\Users\samsu\AppData\Local\Temp\arduino_cache_138925\core\core_02f97b69ad83e20fc58e413391494cff.a(Stream.cpp.o)
                              sketch\src\kernel\getline.cpp.o (Stream::readStringUntil(char))
C:\Users\samsu\AppData\Local\Temp\arduino_cache_138925\core\core_02f97b69ad83e20fc58e413391494cff.a(CDC.cpp.o)
                              sketch\ainsuForthsketch.cpp.o (Serial_::available())
C:\Users\samsu\AppData\Local\Temp\arduino_cache_138925\core\core_02f97b69ad83e20fc58e413391494cff.a(USBCore.cpp.o)
                              C:\Users\samsu\AppData\Local\Temp\arduino_cache_138925\core\core_02f97b69ad83e20fc58e413391494cff.a(CDC.cpp.o) (USBDeviceClass::available(unsigned long))
C:\Users\samsu\AppData\Local\Temp\arduino_cache_138925\core\core_02f97b69ad83e20fc58e413391494cff.a(Uart.cpp.o)
                              core\variant.cpp.o (Uart::Uart(SERCOM*, unsigned char, unsigned char, SercomRXPad, SercomUartTXPad))
C:\Users\samsu\AppData\Local\Temp\arduino_cache_138925\core\core_02f97b69ad83e20fc58e413391494cff.a(WString.cpp.o)
                              sketch\src\kernel\getline.cpp.o (String::~String())
C:\Users\samsu\AppData\Local\Temp\arduino_cache_138925\core\core_02f97b69ad83e20fc58e413391494cff.a(abi.cpp.o)
                              libraries\Adafruit_SPIFlash\Adafruit_SPIFlash_FatFs.cpp.o (__cxa_pure_virtual)
C:\Users\samsu\AppData\Local\Temp\arduino_cache_138925\core\core_02f97b69ad83e20fc58e413391494cff.a(dtostrf.c.o)
                              C:\Users\samsu\AppData\Local\Temp\arduino_cache_138925\core\core_02f97b69ad83e20fc58e413391494cff.a(WString.cpp.o) (dtostrf)
C:\Users\samsu\AppData\Local\Temp\arduino_cache_138925\core\core_02f97b69ad83e20fc58e413391494cff.a(cortex_handlers.c.o)
                              (Reset_Handler)
C:\Users\samsu\AppData\Local\Temp\arduino_cache_138925\core\core_02f97b69ad83e20fc58e413391494cff.a(delay.c.o)
                              C:\Users\samsu\AppData\Local\Temp\arduino_cache_138925\core\core_02f97b69ad83e20fc58e413391494cff.a(Stream.cpp.o) (millis)
C:\Users\samsu\AppData\Local\Temp\arduino_cache_138925\core\core_02f97b69ad83e20fc58e413391494cff.a(hooks.c.o)
                              C:\Users\samsu\AppData\Local\Temp\arduino_cache_138925\core\core_02f97b69ad83e20fc58e413391494cff.a(delay.c.o) (yield)
C:\Users\samsu\AppData\Local\Temp\arduino_cache_138925\core\core_02f97b69ad83e20fc58e413391494cff.a(itoa.c.o)
                              C:\Users\samsu\AppData\Local\Temp\arduino_cache_138925\core\core_02f97b69ad83e20fc58e413391494cff.a(WString.cpp.o) (ltoa)
C:\Users\samsu\AppData\Local\Temp\arduino_cache_138925\core\core_02f97b69ad83e20fc58e413391494cff.a(main.cpp.o)
                              c:/users/samsu/appdata/local/arduino15/packages/arduino/tools/arm-none-eabi-gcc/4.8.3-2014q1/lib/gcc/arm-none-eabi/4.8.3/../../../../arm-none-eabi/lib/armv7e-m/fpu/crt0.o (main)
C:\Users\samsu\AppData\Local\Temp\arduino_cache_138925\core\core_02f97b69ad83e20fc58e413391494cff.a(new.cpp.o)
                              C:\Users\samsu\AppData\Local\Temp\arduino_cache_138925\core\core_02f97b69ad83e20fc58e413391494cff.a(USBCore.cpp.o) (operator new(unsigned int))
C:\Users\samsu\AppData\Local\Temp\arduino_cache_138925\core\core_02f97b69ad83e20fc58e413391494cff.a(startup.c.o)
                              C:\Users\samsu\AppData\Local\Temp\arduino_cache_138925\core\core_02f97b69ad83e20fc58e413391494cff.a(cortex_handlers.c.o) (SystemInit)
C:\Users\samsu\AppData\Local\Temp\arduino_cache_138925\core\core_02f97b69ad83e20fc58e413391494cff.a(wiring.c.o)
                              C:\Users\samsu\AppData\Local\Temp\arduino_cache_138925\core\core_02f97b69ad83e20fc58e413391494cff.a(main.cpp.o) (init)
C:\Users\samsu\AppData\Local\Temp\arduino_cache_138925\core\core_02f97b69ad83e20fc58e413391494cff.a(wiring_analog.c.o)
                              C:\Users\samsu\AppData\Local\Temp\arduino_cache_138925\core\core_02f97b69ad83e20fc58e413391494cff.a(wiring.c.o) (analogReference)
C:\Users\samsu\AppData\Local\Temp\arduino_cache_138925\core\core_02f97b69ad83e20fc58e413391494cff.a(wiring_digital.c.o)
                              sketch\ainsuForthsketch.cpp.o (pinMode)
C:\Users\samsu\AppData\Local\Temp\arduino_cache_138925\core\core_02f97b69ad83e20fc58e413391494cff.a(wiring_private.c.o)
                              libraries\SPI\SPI.cpp.o (pinPeripheral)
C:\Users\samsu\AppData\Local\Temp\arduino_cache_138925\core\core_02f97b69ad83e20fc58e413391494cff.a(wiring_shift.c.o)
[...]
Memory Configuration

Name             Origin             Length             Attributes
FLASH            0x00004000         0x0007c000         xr
RAM              0x20000000         0x00030000         xrw
*default*        0x00000000         0xffffffff

Linker script and memory map

LOAD c:/users/samsu/appdata/local/arduino15/packages/arduino/tools/arm-none-eabi-gcc/4.8.3-2014q1/lib/gcc/arm-none-eabi/4.8.3/armv7e-m/fpu/crti.o
LOAD c:/users/samsu/appdata/local/arduino15/packages/arduino/tools/arm-none-eabi-gcc/4.8.3-2014q1/lib/gcc/arm-none-eabi/4.8.3/armv7e-m/fpu/crtbegin.o
LOAD c:/users/samsu/appdata/local/arduino15/packages/arduino/tools/arm-none-eabi-gcc/4.8.3-2014q1/lib/gcc/arm-none-eabi/4.8.3/../../../../arm-none-eabi/lib/armv7e-m/fpu/crt0.o
LOAD sketch\ainsuForth-gen-exp-m4.ino.cpp.o
LOAD sketch\ainsuForthsketch.cpp.o
LOAD sketch\flashDict.cpp.o
LOAD sketch\src\dict\accept.cpp.o
LOAD sketch\src\dict\allot.cpp.o
LOAD sketch\src\dict\cblink.cpp.o
LOAD sketch\src\dict\char.cpp.o
LOAD sketch\src\dict\colon_semi.cpp.o
LOAD sketch\src\dict\constant.cpp.o
LOAD sketch\src\dict\dict_comments_only.cpp.o
LOAD sketch\src\dict\do_loop.cpp.o
LOAD sketch\src\dict\dump.cpp.o
LOAD sketch\src\dict\help.cpp.o
LOAD sketch\src\dict\iasmd.cpp.o
LOAD sketch\src\dict\max_min.cpp.o
LOAD sketch\src\dict\new_dict_entries.cpp.o
LOAD sketch\src\dict\stack_ops.cpp.o
LOAD sketch\src\dict\store_fetch.cpp.o
LOAD sketch\src\dict\xttoname.cpp.o
LOAD sketch\src\kernel\dl_interpreter.cpp.o
LOAD sketch\src\kernel\do_sys.cpp.o
LOAD sketch\src\kernel\dot_quote.cpp.o
LOAD sketch\src\kernel\download.cpp.o
LOAD sketch\src\kernel\drop.cpp.o
LOAD sketch\src\kernel\entry.cpp.o
LOAD sketch\src\kernel\eq.cpp.o
LOAD sketch\src\kernel\execute_word.cpp.o
LOAD sketch\src\kernel\exit.cpp.o
LOAD sketch\src\kernel\getline.cpp.o
LOAD sketch\src\kernel\getline_m0_exp.cpp.o
LOAD sketch\src\kernel\getline_m4_exp.cpp.o
LOAD sketch\src\kernel\gettoken.cpp.o
LOAD sketch\src\kernel\interpreter.cpp.o
LOAD sketch\src\kernel\is_dl_word_number.cpp.o
LOAD sketch\src\kernel\is_word_number.cpp.o
LOAD sketch\src\kernel\jump.cpp.o
LOAD sketch\src\kernel\leave_sys.cpp.o
LOAD sketch\src\kernel\literal.cpp.o
LOAD sketch\src\kernel\load.cpp.o
LOAD sketch\src\kernel\loop_sys.cpp.o
LOAD sketch\src\kernel\over.cpp.o
LOAD sketch\src\kernel\plus_loop_sys.cpp.o
LOAD sketch\src\kernel\quit.cpp.o
LOAD sketch\src\kernel\remove.cpp.o
LOAD sketch\src\kernel\s_quote.cpp.o
LOAD sketch\src\kernel\signon.cpp.o
LOAD sketch\src\kernel\stacks.cpp.o
LOAD sketch\src\kernel\strings.cpp.o
LOAD sketch\src\kernel\subroutine.cpp.o
LOAD sketch\src\kernel\target_sensed.cpp.o
LOAD sketch\src\kernel\throw.cpp.o
LOAD sketch\src\kernel\type.cpp.o
LOAD sketch\src\kernel\variable.cpp.o
LOAD sketch\src\kernel\warm.cpp.o
LOAD sketch\src\kernel\zjump.cpp.o
LOAD sketch\src\periph\dotstar.cpp.o
LOAD sketch\src\periph\neo_pixel.cpp.o
LOAD sketch\src\periph\qspi\flashrom.cpp.o
LOAD libraries\Adafruit_SPIFlash\Adafruit_SPIFlash.cpp.o
LOAD libraries\Adafruit_SPIFlash\Adafruit_SPIFlash_FatFs.cpp.o
LOAD libraries\Adafruit_SPIFlash\utility\ccsbcs.c.o
LOAD libraries\Adafruit_SPIFlash\utility\ff.c.o
LOAD libraries\Adafruit_SPIFlash\utility\flashdisk.cpp.o
LOAD libraries\SPI\SPI.cpp.o
LOAD libraries\Adafruit_QSPI\Adafruit_QSPI.cpp.o
LOAD libraries\Adafruit_QSPI\Adafruit_QSPI_GD25Q.cpp.o
LOAD libraries\Adafruit_QSPI\Adafruit_QSPI_Generic.cpp.o
LOAD libraries\Adafruit_QSPI\Adafruit_QSPI_S25FL1.cpp.o
LOAD libraries\Adafruit_DotStar\Adafruit_DotStar.cpp.o
LOAD core\variant.cpp.o
START GROUP
LOAD C:\Users\samsu\AppData\Local\Arduino15\packages\adafruit\hardware\samd\1.4.1\variants\itsybitsy_m4\libarm_cortexM4lf_math.a
LOAD c:/users/samsu/appdata/local/arduino15/packages/arduino/tools/arm-none-eabi-gcc/4.8.3-2014q1/lib/gcc/arm-none-eabi/4.8.3/../../../../arm-none-eabi/lib/armv7e-m/fpu\libm.a
LOAD C:\Users\samsu\AppData\Local\Temp\arduino_cache_138925\core\core_02f97b69ad83e20fc58e413391494cff.a
END GROUP
START GROUP
LOAD c:/users/samsu/appdata/local/arduino15/packages/arduino/tools/arm-none-eabi-gcc/4.8.3-2014q1/lib/gcc/arm-none-eabi/4.8.3/armv7e-m/fpu\libgcc.a
LOAD c:/users/samsu/appdata/local/arduino15/packages/arduino/tools/arm-none-eabi-gcc/4.8.3-2014q1/lib/gcc/arm-none-eabi/4.8.3/../../../../arm-none-eabi/lib/armv7e-m/fpu\libc_s.a
END GROUP
START GROUP
LOAD c:/users/samsu/appdata/local/arduino15/packages/arduino/tools/arm-none-eabi-gcc/4.8.3-2014q1/lib/gcc/arm-none-eabi/4.8.3/armv7e-m/fpu\libgcc.a
LOAD c:/users/samsu/appdata/local/arduino15/packages/arduino/tools/arm-none-eabi-gcc/4.8.3-2014q1/lib/gcc/arm-none-eabi/4.8.3/../../../../arm-none-eabi/lib/armv7e-m/fpu\libc_s.a
LOAD c:/users/samsu/appdata/local/arduino15/packages/arduino/tools/arm-none-eabi-gcc/4.8.3-2014q1/lib/gcc/arm-none-eabi/4.8.3/../../../../arm-none-eabi/lib/armv7e-m/fpu\libnosys.a
END GROUP
START GROUP
LOAD c:/users/samsu/appdata/local/arduino15/packages/arduino/tools/arm-none-eabi-gcc/4.8.3-2014q1/lib/gcc/arm-none-eabi/4.8.3/armv7e-m/fpu\libgcc.a
LOAD c:/users/samsu/appdata/local/arduino15/packages/arduino/tools/arm-none-eabi-gcc/4.8.3-2014q1/lib/gcc/arm-none-eabi/4.8.3/../../../../arm-none-eabi/lib/armv7e-m/fpu\libc_s.a
LOAD c:/users/samsu/appdata/local/arduino15/packages/arduino/tools/arm-none-eabi-gcc/4.8.3-2014q1/lib/gcc/arm-none-eabi/4.8.3/../../../../arm-none-eabi/lib/armv7e-m/fpu\libnosys.a
END GROUP
LOAD c:/users/samsu/appdata/local/arduino15/packages/arduino/tools/arm-none-eabi-gcc/4.8.3-2014q1/lib/gcc/arm-none-eabi/4.8.3/armv7e-m/fpu/crtend.o
LOAD c:/users/samsu/appdata/local/arduino15/packages/arduino/tools/arm-none-eabi-gcc/4.8.3-2014q1/lib/gcc/arm-none-eabi/4.8.3/armv7e-m/fpu/crtn.o

.text           0x00004000     0x9870
                0x00004000                __text_start__ = .
 *(.sketch_boot)
                0x00004000                . = ALIGN (0x4000)
 *(.isr_vector)
 .isr_vector    0x00004000      0x264 C:\Users\samsu\AppData\Local\Temp\arduino_cache_138925\core\core_02f97b69ad83e20fc58e413391494cff.a(cortex_handlers.c.o)
                0x00004000                exception_table
 *(.text*)
 .text          0x00004264       0x54 c:/users/samsu/appdata/local/arduino15/packages/arduino/tools/arm-none-eabi-gcc/4.8.3-2014q1/lib/gcc/arm-none-eabi/4.8.3/armv7e-m/fpu/crtbegin.o
 .text._Z5blinkv
                0x000042b8       0x6c sketch\ainsuForthsketch.cpp.o
                0x000042b8                blink()
 .text._Z7blink_mv
                0x00004324       0x24 sketch\ainsuForthsketch.cpp.o
                0x00004324                blink_m()
 .text.setup    0x00004348      0x128 sketch\ainsuForthsketch.cpp.o
                0x00004348                setup
 .text._Z13compilePromptv
                0x00004470       0x40 sketch\ainsuForthsketch.cpp.o
                0x00004470                compilePrompt()
 .text.loop     0x000044b0      0x104 sketch\ainsuForthsketch.cpp.o
                0x000044b0                loop
 .text._ZL9_two_dropv
                0x000045b4        0xe sketch\flashDict.cpp.o
 *fill*         0x000045c2        0x2 
 .text._ZL6_commav
                0x000045c4       0x18 sketch\flashDict.cpp.o
 .text._Z7_acceptv
                0x000045dc       0x1a sketch\src\dict\accept.cpp.o
                0x000045dc                _accept()
 *fill*         0x000045f6        0x2 
 .text._Z6_allotv
                0x000045f8       0x38 sketch\src\dict\allot.cpp.o
                0x000045f8                _allot()
 .text._Z7_cblinkv
                0x00004630        0x2 sketch\src\dict\cblink.cpp.o
                0x00004630                _cblink()
 *fill*         0x00004632        0x2 
 .text._Z5_charv
                0x00004634       0x28 sketch\src\dict\char.cpp.o
                0x00004634                _char()
 .text._Z13_bracket_charv
                0x0000465c       0x38 sketch\src\dict\char.cpp.o
                0x0000465c                _bracket_char()
 .text._Z6_colonv
                0x00004694       0x1c sketch\src\dict\colon_semi.cpp.o
                0x00004694                _colon()
 .text._Z10_semicolonv
                0x000046b0       0x2c sketch\src\dict\colon_semi.cpp.o
                0x000046b0                _semicolon()
 .text._Z9_constantv
                0x000046dc       0x28 sketch\src\dict\constant.cpp.o
                0x000046dc                _constant()
 .text._Z3_dov  0x00004704       0x24 sketch\src\dict\do_loop.cpp.o
                0x00004704                _do()
 .text._Z5_loopv
                0x00004728       0x4c sketch\src\dict\do_loop.cpp.o
                0x00004728                _loop()
 .text._Z5_dumpv
                0x00004774       0xc8 sketch\src\dict\dump.cpp.o
                0x00004774                _dump()
 .text._Z5_helpv
                0x0000483c       0x20 sketch\src\dict\help.cpp.o
                0x0000483c                _help()
 .text._Z4_whov
                0x0000485c       0x1c sketch\src\dict\help.cpp.o
                0x0000485c                _who()
 .text._Z5_plusv
                0x00004878       0x16 sketch\src\dict\iasmd.cpp.o
                0x00004878                _plus()
 .text._Z6_minusv
                0x0000488e       0x16 sketch\src\dict\iasmd.cpp.o
                0x0000488e                _minus()
 .text._Z5_starv
                0x000048a4       0x16 sketch\src\dict\iasmd.cpp.o
                0x000048a4                _star()
 .text._Z6_slashv
                0x000048ba       0x2a sketch\src\dict\iasmd.cpp.o
                0x000048ba                _slash()
 .text._Z7_negatev
                0x000048e4       0x10 sketch\src\dict\iasmd.cpp.o
                0x000048e4                _negate()
 .text._Z4_absv
                0x000048f4       0x14 sketch\src\dict\iasmd.cpp.o
                0x000048f4                _abs()
 .text._Z4_maxv
                0x00004908       0x1a sketch\src\dict\max_min.cpp.o
                0x00004908                _max()
 .text._Z4_minv
                0x00004922       0x1a sketch\src\dict\max_min.cpp.o
                0x00004922                _min()
 .text._Z5_herev
                0x0000493c        0xc sketch\src\dict\new_dict_entries.cpp.o
                0x0000493c                _here()
 .text._Z6_countv
                0x00004948       0x2a sketch\src\dict\new_dict_entries.cpp.o
                0x00004948                _count()
 *fill*         0x00004972        0x2 
 .text._Z9_evaluatev
                0x00004974       0x48 sketch\src\dict\new_dict_entries.cpp.o
                0x00004974                _evaluate()
 .text._Z5_wordv
                0x000049bc       0x68 sketch\src\dict\new_dict_entries.cpp.o
                0x000049bc                _word()
 .text._Z5_tickv
                0x00004a24       0x34 sketch\src\dict\new_dict_entries.cpp.o
                0x00004a24                _tick()
 .text._Z7_sourcev
                0x00004a58       0x1c sketch\src\dict\new_dict_entries.cpp.o
                0x00004a58                _source()
 .text._Z4_seev
                0x00004a74      0x13c sketch\src\dict\new_dict_entries.cpp.o
                0x00004a74                _see()
 .text._Z9_pinWritev
                0x00004bb0       0x18 sketch\src\dict\new_dict_entries.cpp.o
                0x00004bb0                _pinWrite()
 .text._Z8_pinModev
                0x00004bc8       0x18 sketch\src\dict\new_dict_entries.cpp.o
                0x00004bc8                _pinMode()
 .text._Z8_pinReadv
                0x00004be0       0x12 sketch\src\dict\new_dict_entries.cpp.o
                0x00004be0                _pinRead()
 *fill*         0x00004bf2        0x2 
 .text.startup._GLOBAL__sub_I_sp_str
                0x00004bf4       0x18 sketch\src\dict\new_dict_entries.cpp.o
 .text._Z5_dupev
                0x00004c0c       0x10 sketch\src\dict\stack_ops.cpp.o
                0x00004c0c                _dupe()
 .text._Z5_swapv
                0x00004c1c       0x1e sketch\src\dict\stack_ops.cpp.o
                0x00004c1c                _swap()
 .text._Z4_rotv
                0x00004c3a       0x2a sketch\src\dict\stack_ops.cpp.o
                0x00004c3a                _rot()
 .text._Z4_andv
                0x00004c64       0x16 sketch\src\dict\stack_ops.cpp.o
                0x00004c64                _and()
 .text._Z3_orv  0x00004c7a       0x16 sketch\src\dict\stack_ops.cpp.o
                0x00004c7a                _or()
 .text._Z4_xorv
                0x00004c90       0x16 sketch\src\dict\stack_ops.cpp.o
                0x00004c90                _xor()
 *fill*         0x00004ca6        0x2 
 .text._Z4_dotv
                0x00004ca8       0x18 sketch\src\dict\stack_ops.cpp.o
                0x00004ca8                _dot()
 .text._Z6_u_dotv
                0x00004cc0       0x28 sketch\src\dict\stack_ops.cpp.o
                0x00004cc0                _u_dot()
 .text._Z6_dot_sv
                0x00004ce8       0x4c sketch\src\dict\stack_ops.cpp.o
                0x00004ce8                _dot_s()
 .text._Z5_emitv
                0x00004d34       0x18 sketch\src\dict\stack_ops.cpp.o
                0x00004d34                _emit()
 .text._Z10_dot_parenv
                0x00004d4c       0x18 sketch\src\dict\stack_ops.cpp.o
                0x00004d4c                _dot_paren()
 .text._Z3_crv  0x00004d64        0xc sketch\src\dict\stack_ops.cpp.o
                0x00004d64                _cr()
 .text._Z6_spacev
                0x00004d70       0x10 sketch\src\dict\stack_ops.cpp.o
                0x00004d70                _space()
 .text._Z7_spacesv
                0x00004d80       0x24 sketch\src\dict\stack_ops.cpp.o
                0x00004d80                _spaces()
 .text._Z4_hexv
                0x00004da4        0xc sketch\src\dict\stack_ops.cpp.o
                0x00004da4                _hex()
 .text._Z8_decimalv
                0x00004db0        0xc sketch\src\dict\stack_ops.cpp.o
                0x00004db0                _decimal()
 .text._Z6_wordsv
                0x00004dbc       0xa8 sketch\src\dict\stack_ops.cpp.o
                0x00004dbc                _words()
 .text._Z11_zero_equalv
                0x00004e64       0x18 sketch\src\dict\stack_ops.cpp.o
                0x00004e64                _zero_equal()
 .text._Z6_delayv
                0x00004e7c        0xe sketch\src\dict\stack_ops.cpp.o
                0x00004e7c                _delay()
 .text._Z6_storev
                0x00004e8a       0x10 sketch\src\dict\store_fetch.cpp.o
                0x00004e8a                _store()
 .text._Z8_c_storev
                0x00004e9a       0x10 sketch\src\dict\store_fetch.cpp.o
                0x00004e9a                _c_store()
 *fill*         0x00004eaa        0x2 
 .text._Z8_c_commav
                0x00004eac       0x18 sketch\src\dict\store_fetch.cpp.o
                0x00004eac                _c_comma()
 .text._Z11_plus_storev
                0x00004ec4       0x38 sketch\src\dict\store_fetch.cpp.o
                0x00004ec4                _plus_store()
 .text._Z10_two_storev
                0x00004efc       0x3c sketch\src\dict\store_fetch.cpp.o
                0x00004efc                _two_store()
 .text._Z5_fillv
                0x00004f38       0x24 sketch\src\dict\store_fetch.cpp.o
                0x00004f38                _fill()
 .text._Z6_fetchv
                0x00004f5c       0x10 sketch\src\dict\store_fetch.cpp.o
                0x00004f5c                _fetch()
 .text._Z10_two_fetchv
                0x00004f6c       0x18 sketch\src\dict\store_fetch.cpp.o
                0x00004f6c                _two_fetch()
 .text._Z8_c_fetchv
                0x00004f84       0x10 sketch\src\dict\store_fetch.cpp.o
                0x00004f84                _c_fetch()
 .text._Z8_r_fetchv
                0x00004f94       0x10 sketch\src\dict\store_fetch.cpp.o
                0x00004f94                _r_fetch()
 .text._Z7_r_fromv
                0x00004fa4        0xe sketch\src\dict\store_fetch.cpp.o
                0x00004fa4                _r_from()
 .text._Z5_to_rv
                0x00004fb2        0xe sketch\src\dict\store_fetch.cpp.o
                0x00004fb2                _to_r()
 .text._Z8xtToNamel
                0x00004fc0       0x48 sketch\src\dict\xttoname.cpp.o
                0x00004fc0                xtToName(long)
 .text._Z14dl_interpreterv
                0x00005008       0x90 sketch\src\kernel\dl_interpreter.cpp.o
                0x00005008                dl_interpreter()
 .text._Z7_do_sysv
                0x00005098       0x1e sketch\src\kernel\do_sys.cpp.o
                0x00005098                _do_sys()
 *fill*         0x000050b6        0x2 
 .text._Z10_dot_quotev
                0x000050b8       0x9c sketch\src\kernel\dot_quote.cpp.o
                0x000050b8                _dot_quote()
 .text._Z9_downloadv
                0x00005154       0x1c sketch\src\kernel\download.cpp.o
                0x00005154                _download()
 .text._Z8_dl_endsv
                0x00005170       0x1c sketch\src\kernel\download.cpp.o
                0x00005170                _dl_ends()
 .text._Z5_dropv
                0x0000518c        0x4 sketch\src\kernel\drop.cpp.o
                0x0000518c                _drop()
 .text._Z9openEntryv
                0x00005190       0x74 sketch\src\kernel\entry.cpp.o
                0x00005190                openEntry()
 .text._Z10closeEntryv
                0x00005204       0x3c sketch\src\kernel\entry.cpp.o
                0x00005204                closeEntry()
 .text._Z3_eqv  0x00005240       0x1e sketch\src\kernel\eq.cpp.o
                0x00005240                _eq()
 *fill*         0x0000525e        0x2 
 .text._Z11executeWordv
                0x00005260       0x64 sketch\src\kernel\execute_word.cpp.o
                0x00005260                executeWord()
 .text._Z5_exitv
                0x000052c4       0x10 sketch\src\kernel\exit.cpp.o
                0x000052c4                _exit()
 .text._ZN5Print17availableForWriteEv
                0x000052d4        0x4 sketch\src\kernel\getline.cpp.o
                0x000052d4                Print::availableForWrite()
 .text._ZN5Print5flushEv
                0x000052d8        0x2 sketch\src\kernel\getline.cpp.o
                0x000052d8                Print::flush()
 .text._ZN23Adafruit_SPIFlash_FatFs15_fatSectorCountEv
                0x000052da       0x12 sketch\src\kernel\getline.cpp.o
                0x000052da                Adafruit_SPIFlash_FatFs::_fatSectorCount()
 .text._ZN23Adafruit_SPIFlash_FatFs17_fatSectorAddressEm
                0x000052ec        0x8 sketch\src\kernel\getline.cpp.o
                0x000052ec                Adafruit_SPIFlash_FatFs::_fatSectorAddress(unsigned long)
 .text._ZN23Adafruit_W25Q16BV_FatFs16_flashSectorBaseEm
                0x000052f4        0xc sketch\src\kernel\getline.cpp.o
                0x000052f4                Adafruit_W25Q16BV_FatFs::_flashSectorBase(unsigned long)
 .text._ZN23Adafruit_W25Q16BV_FatFs18_flashSectorOffsetEm
                0x00005300        0x6 sketch\src\kernel\getline.cpp.o
                0x00005300                Adafruit_W25Q16BV_FatFs::_flashSectorOffset(unsigned long)
 *fill*         0x00005306        0x2 
 .text._ZN21Adafruit_QSPI_GenericD2Ev
                0x00005308        0xc sketch\src\kernel\getline.cpp.o
                0x00005308                Adafruit_QSPI_Generic::~Adafruit_QSPI_Generic()
                0x00005308                Adafruit_QSPI_Generic::~Adafruit_QSPI_Generic()
 .text._ZN4FileD2Ev
                0x00005314       0x1c sketch\src\kernel\getline.cpp.o
                0x00005314                File::~File()
                0x00005314                File::~File()
 .text._ZN23Adafruit_SPIFlash_FatFsD2Ev
                0x00005330       0x1c sketch\src\kernel\getline.cpp.o
                0x00005330                Adafruit_SPIFlash_FatFs::~Adafruit_SPIFlash_FatFs()
                0x00005330                Adafruit_SPIFlash_FatFs::~Adafruit_SPIFlash_FatFs()
 .text._ZN23Adafruit_W25Q16BV_FatFsD2Ev
                0x0000534c       0x14 sketch\src\kernel\getline.cpp.o
                0x0000534c                Adafruit_W25Q16BV_FatFs::~Adafruit_W25Q16BV_FatFs()
                0x0000534c                Adafruit_W25Q16BV_FatFs::~Adafruit_W25Q16BV_FatFs()
 .text._ZN33Adafruit_M0_Express_CircuitPythonD2Ev
                0x00005360       0x14 sketch\src\kernel\getline.cpp.o
                0x00005360                Adafruit_M0_Express_CircuitPython::~Adafruit_M0_Express_CircuitPython()
                0x00005360                Adafruit_M0_Express_CircuitPython::~Adafruit_M0_Express_CircuitPython()
 .text._ZN4FileD0Ev
                0x00005374       0x12 sketch\src\kernel\getline.cpp.o
                0x00005374                File::~File()
 .text._ZN23Adafruit_SPIFlash_FatFsD0Ev
                0x00005386       0x12 sketch\src\kernel\getline.cpp.o
                0x00005386                Adafruit_SPIFlash_FatFs::~Adafruit_SPIFlash_FatFs()
 .text._ZN23Adafruit_W25Q16BV_FatFsD0Ev
                0x00005398       0x12 sketch\src\kernel\getline.cpp.o
                0x00005398                Adafruit_W25Q16BV_FatFs::~Adafruit_W25Q16BV_FatFs()
 .text._ZN33Adafruit_M0_Express_CircuitPythonD0Ev
                0x000053aa       0x12 sketch\src\kernel\getline.cpp.o
                0x000053aa                Adafruit_M0_Express_CircuitPython::~Adafruit_M0_Express_CircuitPython()
 .text._Z18setup_qspiFlashROMv
                0x000053bc       0x78 sketch\src\kernel\getline.cpp.o
                0x000053bc                setup_qspiFlashROM()
 .text._Z9_eflmkdirv
                0x00005434       0x50 sketch\src\kernel\getline.cpp.o
                0x00005434                _eflmkdir()
 .text._Z13remove_a_filev
                0x00005484       0xd0 sketch\src\kernel\getline.cpp.o
                0x00005484                remove_a_file()
 .text._Z20write_a_capture_filev
                0x00005554       0x64 sketch\src\kernel\getline.cpp.o
                0x00005554                write_a_capture_file()
 .text.startup._GLOBAL__sub_I_junk
                0x000055b8       0xc4 sketch\src\kernel\getline.cpp.o
 .text._Z6getKeyv
                0x0000567c       0x54 sketch\src\kernel\getline.cpp.o
                0x0000567c                getKey()
 .text._Z7getLinePch
                0x000056d0      0x258 sketch\src\kernel\getline.cpp.o
                0x000056d0                getLine(char*, unsigned char)
 .text._Z8getTokenv
                0x00005928       0xcc sketch\src\kernel\gettoken.cpp.o
                0x00005928                getToken()
 .text._Z11interpreterv
                0x000059f4      0x128 sketch\src\kernel\interpreter.cpp.o
                0x000059f4                interpreter()
 .text._Z8isDLWordPc
                0x00005b1c       0x84 sketch\src\kernel\is_dl_word_number.cpp.o
                0x00005b1c                isDLWord(char*)
 .text._Z10isDLNumberPc
                0x00005ba0       0x6c sketch\src\kernel\is_dl_word_number.cpp.o
                0x00005ba0                isDLNumber(char*)
 .text._Z6isWordPc
                0x00005c0c       0x84 sketch\src\kernel\is_word_number.cpp.o
                0x00005c0c                isWord(char*)
 .text._Z8isNumberPc
                0x00005c90       0x98 sketch\src\kernel\is_word_number.cpp.o
                0x00005c90                isNumber(char*)
 .text._Z5_jumpv
                0x00005d28       0x10 sketch\src\kernel\jump.cpp.o
                0x00005d28                _jump()
 .text._Z10_leave_sysv
                0x00005d38       0x30 sketch\src\kernel\leave_sys.cpp.o
                0x00005d38                _leave_sys()
 .text._Z8_literalv
                0x00005d68       0x3c sketch\src\kernel\literal.cpp.o
                0x00005d68                _literal()
 .text._Z10_echo_bangv
                0x00005da4       0x1c sketch\src\kernel\load.cpp.o
                0x00005da4                _echo_bang()
 .text._Z5_loadv
                0x00005dc0        0xc sketch\src\kernel\load.cpp.o
                0x00005dc0                _load()
 .text._Z9_loop_sysv
                0x00005dcc       0x4c sketch\src\kernel\loop_sys.cpp.o
                0x00005dcc                _loop_sys()
 .text._Z5_overv
                0x00005e18       0x10 sketch\src\kernel\over.cpp.o
                0x00005e18                _over()
 .text._Z14_plus_loop_sysv
                0x00005e28       0x50 sketch\src\kernel\plus_loop_sys.cpp.o
                0x00005e28                _plus_loop_sys()
 .text._Z5_quitv
                0x00005e78       0x20 sketch\src\kernel\quit.cpp.o
                0x00005e78                _quit()
 .text._Z7_removev
                0x00005e98       0x1c sketch\src\kernel\remove.cpp.o
                0x00005e98                _remove()
 .text._Z8_s_quotev
                0x00005eb4       0x9c sketch\src\kernel\s_quote.cpp.o
                0x00005eb4                _s_quote()
 .text._Z6signOnv
                0x00005f50      0x100 sketch\src\kernel\signon.cpp.o
                0x00005f50                signOn()
 .text._Z12dStack_clearv
                0x00006050       0x10 sketch\src\kernel\stacks.cpp.o
                0x00006050                dStack_clear()
 .text._Z12rStack_clearv
                0x00006060       0x10 sketch\src\kernel\stacks.cpp.o
                0x00006060                rStack_clear()
 .text._Z11dStack_pushl
                0x00006070       0x2c sketch\src\kernel\stacks.cpp.o
                0x00006070                dStack_push(long)
 .text._Z11rStack_pushl
                0x0000609c       0x30 sketch\src\kernel\stacks.cpp.o
                0x0000609c                rStack_push(long)
 .text._Z10dStack_popv
                0x000060cc       0x28 sketch\src\kernel\stacks.cpp.o
                0x000060cc                dStack_pop()
 .text._Z10rStack_popv
                0x000060f4       0x28 sketch\src\kernel\stacks.cpp.o
                0x000060f4                rStack_pop()
 .text._Z11dStack_peeki
                0x0000611c       0x2c sketch\src\kernel\stacks.cpp.o
                0x0000611c                dStack_peek(int)
 .text._Z11rStack_peeki
                0x00006148       0x2c sketch\src\kernel\stacks.cpp.o
                0x00006148                rStack_peek(int)
 .text._Z11dStack_sizev
                0x00006174        0xc sketch\src\kernel\stacks.cpp.o
                0x00006174                dStack_size()
 .text._Z12displayValuev
                0x00006180       0x60 sketch\src\kernel\strings.cpp.o
                0x00006180                displayValue()
 .text._Z11_subroutinev
                0x000061e0       0x1c sketch\src\kernel\subroutine.cpp.o
                0x000061e0                _subroutine()
 .text._Z6_throwv
                0x000061fc       0x88 sketch\src\kernel\throw.cpp.o
                0x000061fc                _throw()
 .text._Z5_typev
                0x00006284       0x28 sketch\src\kernel\type.cpp.o
                0x00006284                _type()
 .text._Z9_variablev
                0x000062ac       0x48 sketch\src\kernel\variable.cpp.o
                0x000062ac                _variable()
 .text._Z5_warmv
                0x000062f4       0x24 sketch\src\kernel\warm.cpp.o
                0x000062f4                _warm()
 .text._Z6_zjumpv
                0x00006318       0x1c sketch\src\kernel\zjump.cpp.o
                0x00006318                _zjump()
 .text._Z13setup_dotstarv
                0x00006334       0x18 sketch\src\periph\dotstar.cpp.o
                0x00006334                setup_dotstar()
 .text._Z12loop_dotstarv
                0x0000634c       0x94 sketch\src\periph\dotstar.cpp.o
                0x0000634c                loop_dotstar()
 .text.startup._GLOBAL__sub_I_strip
                0x000063e0       0x30 sketch\src\periph\dotstar.cpp.o
 .text._ZN17Adafruit_SPIFlash11EraseSectorEm
                0x00006410        0xa libraries\Adafruit_SPIFlash\Adafruit_SPIFlash.cpp.o
                0x00006410                Adafruit_SPIFlash::EraseSector(unsigned long)
 .text._ZN17Adafruit_SPIFlash5writeEh
                0x0000641a       0x1a libraries\Adafruit_SPIFlash\Adafruit_SPIFlash.cpp.o
                0x0000641a                Adafruit_SPIFlash::write(unsigned char)
 .text._ZN17Adafruit_SPIFlashC2EaP8SPIClass
                0x00006434       0x24 libraries\Adafruit_SPIFlash\Adafruit_SPIFlash.cpp.o
                0x00006434                Adafruit_SPIFlash::Adafruit_SPIFlash(signed char, SPIClass*)
                0x00006434                Adafruit_SPIFlash::Adafruit_SPIFlash(signed char, SPIClass*)
 .text._ZN17Adafruit_SPIFlash8spiwriteEPKht
                0x00006458       0xa0 libraries\Adafruit_SPIFlash\Adafruit_SPIFlash.cpp.o
                0x00006458                Adafruit_SPIFlash::spiwrite(unsigned char const*, unsigned short)
 .text._ZN17Adafruit_SPIFlash8spiwriteEh
                0x000064f8       0x16 libraries\Adafruit_SPIFlash\Adafruit_SPIFlash.cpp.o
                0x000064f8                Adafruit_SPIFlash::spiwrite(unsigned char)
 *fill*         0x0000650e        0x2 
 .text._ZN17Adafruit_SPIFlash7spireadEPht
                0x00006510       0x68 libraries\Adafruit_SPIFlash\Adafruit_SPIFlash.cpp.o
                0x00006510                Adafruit_SPIFlash::spiread(unsigned char*, unsigned short)
 .text._ZN17Adafruit_SPIFlash7spireadEv
                0x00006578       0x16 libraries\Adafruit_SPIFlash\Adafruit_SPIFlash.cpp.o
                0x00006578                Adafruit_SPIFlash::spiread()
 .text._ZN17Adafruit_SPIFlash10readstatusEv
                0x0000658e       0x2e libraries\Adafruit_SPIFlash\Adafruit_SPIFlash.cpp.o
                0x0000658e                Adafruit_SPIFlash::readstatus()
 .text._ZN17Adafruit_SPIFlash19GetManufacturerInfoEPhS0_
                0x000065bc       0x50 libraries\Adafruit_SPIFlash\Adafruit_SPIFlash.cpp.o
                0x000065bc                Adafruit_SPIFlash::GetManufacturerInfo(unsigned char*, unsigned char*)
 .text._ZN17Adafruit_SPIFlash10GetJEDECIDEv
                0x0000660c       0x56 libraries\Adafruit_SPIFlash\Adafruit_SPIFlash.cpp.o
                0x0000660c                Adafruit_SPIFlash::GetJEDECID()
 .text._ZN17Adafruit_SPIFlash12WaitForReadyEm
                0x00006662       0x22 libraries\Adafruit_SPIFlash\Adafruit_SPIFlash.cpp.o
                0x00006662                Adafruit_SPIFlash::WaitForReady(unsigned long)
 .text._ZN17Adafruit_SPIFlash10readBufferEmPhm
                0x00006684       0x86 libraries\Adafruit_SPIFlash\Adafruit_SPIFlash.cpp.o
                0x00006684                Adafruit_SPIFlash::readBuffer(unsigned long, unsigned char*, unsigned long)
 .text._ZN17Adafruit_SPIFlash11WriteEnableEb
                0x0000670a       0x2c libraries\Adafruit_SPIFlash\Adafruit_SPIFlash.cpp.o
                0x0000670a                Adafruit_SPIFlash::WriteEnable(bool)
 .text._ZN17Adafruit_SPIFlash11eraseSectorEm
                0x00006736       0x7e libraries\Adafruit_SPIFlash\Adafruit_SPIFlash.cpp.o
                0x00006736                Adafruit_SPIFlash::eraseSector(unsigned long)
 .text._ZN17Adafruit_SPIFlash9WritePageEmPKhmb
                0x000067b4       0xd0 libraries\Adafruit_SPIFlash\Adafruit_SPIFlash.cpp.o
                0x000067b4                Adafruit_SPIFlash::WritePage(unsigned long, unsigned char const*, unsigned long, bool)
 .text._ZN17Adafruit_SPIFlash11writeBufferEmPhm
                0x00006884       0x80 libraries\Adafruit_SPIFlash\Adafruit_SPIFlash.cpp.o
                0x00006884                Adafruit_SPIFlash::writeBuffer(unsigned long, unsigned char*, unsigned long)
 .text._ZN4File5writeEh
                0x00006904       0x16 libraries\Adafruit_SPIFlash\Adafruit_SPIFlash_FatFs.cpp.o
                0x00006904                File::write(unsigned char)
 .text._ZN33Adafruit_M0_Express_CircuitPython15_fatSectorCountEv
                0x0000691a       0x16 libraries\Adafruit_SPIFlash\Adafruit_SPIFlash_FatFs.cpp.o
                0x0000691a                Adafruit_M0_Express_CircuitPython::_fatSectorCount()
 .text._ZN33Adafruit_M0_Express_CircuitPython17_fatSectorAddressEm
                0x00006930        0xa libraries\Adafruit_SPIFlash\Adafruit_SPIFlash_FatFs.cpp.o
                0x00006930                Adafruit_M0_Express_CircuitPython::_fatSectorAddress(unsigned long)
 .text._ZN23Adafruit_SPIFlash_FatFs10diskStatusEv
                0x0000693a        0x4 libraries\Adafruit_SPIFlash\Adafruit_SPIFlash_FatFs.cpp.o
                0x0000693a                Adafruit_SPIFlash_FatFs::diskStatus()
 .text._ZN23Adafruit_SPIFlash_FatFs14diskInitializeEv
                0x0000693e        0x4 libraries\Adafruit_SPIFlash\Adafruit_SPIFlash_FatFs.cpp.o
                0x0000693e                Adafruit_SPIFlash_FatFs::diskInitialize()
 .text._ZN23Adafruit_SPIFlash_FatFs8diskReadEPhmj
                0x00006942       0x2c libraries\Adafruit_SPIFlash\Adafruit_SPIFlash_FatFs.cpp.o
                0x00006942                Adafruit_SPIFlash_FatFs::diskRead(unsigned char*, unsigned long, unsigned int)
 .text._ZN23Adafruit_SPIFlash_FatFs9diskWriteEPKhmj
                0x0000696e       0xcc libraries\Adafruit_SPIFlash\Adafruit_SPIFlash_FatFs.cpp.o
                0x0000696e                Adafruit_SPIFlash_FatFs::diskWrite(unsigned char const*, unsigned long, unsigned int)
 .text._ZN23Adafruit_SPIFlash_FatFs9diskIoctlEhPv
                0x00006a3a       0x34 libraries\Adafruit_SPIFlash\Adafruit_SPIFlash_FatFs.cpp.o
                0x00006a3a                Adafruit_SPIFlash_FatFs::diskIoctl(unsigned char, void*)
 .text._ZN33Adafruit_M0_Express_CircuitPython9diskWriteEPKhmj
                0x00006a6e       0x18 libraries\Adafruit_SPIFlash\Adafruit_SPIFlash_FatFs.cpp.o
                0x00006a6e                Adafruit_M0_Express_CircuitPython::diskWrite(unsigned char const*, unsigned long, unsigned int)
 .text._ZN33Adafruit_M0_Express_CircuitPython8diskReadEPhmj
                0x00006a86      0x17c libraries\Adafruit_SPIFlash\Adafruit_SPIFlash_FatFs.cpp.o
                0x00006a86                Adafruit_M0_Express_CircuitPython::diskRead(unsigned char*, unsigned long, unsigned int)
 .text._ZN4File8activateEv
                0x00006c02        0xc libraries\Adafruit_SPIFlash\Adafruit_SPIFlash_FatFs.cpp.o
                0x00006c02                File::activate()
 *fill*         0x00006c0e        0x2 
 .text._ZN4FileC2EPKchP23Adafruit_SPIFlash_FatFs
                0x00006c10       0xd4 libraries\Adafruit_SPIFlash\Adafruit_SPIFlash_FatFs.cpp.o
                0x00006c10                File::File(char const*, unsigned char, Adafruit_SPIFlash_FatFs*)
                0x00006c10                File::File(char const*, unsigned char, Adafruit_SPIFlash_FatFs*)
 .text._ZN4File5writeEPKhj
                0x00006ce4       0x2c libraries\Adafruit_SPIFlash\Adafruit_SPIFlash_FatFs.cpp.o
                0x00006ce4                File::write(unsigned char const*, unsigned int)
 .text._ZN4File4readEv
                0x00006d10       0x36 libraries\Adafruit_SPIFlash\Adafruit_SPIFlash_FatFs.cpp.o
                0x00006d10                File::read()
 .text._ZN4File4peekEv
                0x00006d46       0x26 libraries\Adafruit_SPIFlash\Adafruit_SPIFlash_FatFs.cpp.o
                0x00006d46                File::peek()
 .text._ZN4File5flushEv
                0x00006d6c       0x14 libraries\Adafruit_SPIFlash\Adafruit_SPIFlash_FatFs.cpp.o
                0x00006d6c                File::flush()
 .text._ZN4File9availableEv
                0x00006d80       0x20 libraries\Adafruit_SPIFlash\Adafruit_SPIFlash_FatFs.cpp.o
                0x00006d80                File::available()
 .text._ZN4File5closeEv
                0x00006da0       0x28 libraries\Adafruit_SPIFlash\Adafruit_SPIFlash_FatFs.cpp.o
                0x00006da0                File::close()
 .text._ZN23Adafruit_SPIFlash_FatFs5beginEv
                0x00006dc8       0x24 libraries\Adafruit_SPIFlash\Adafruit_SPIFlash_FatFs.cpp.o
                0x00006dc8                Adafruit_SPIFlash_FatFs::begin()
 .text._ZN23Adafruit_SPIFlash_FatFs4openEPKch
                0x00006dec       0x20 libraries\Adafruit_SPIFlash\Adafruit_SPIFlash_FatFs.cpp.o
                0x00006dec                Adafruit_SPIFlash_FatFs::open(char const*, unsigned char)
 .text._ZN23Adafruit_SPIFlash_FatFs6existsEPKc
                0x00006e0c       0x1a libraries\Adafruit_SPIFlash\Adafruit_SPIFlash_FatFs.cpp.o
                0x00006e0c                Adafruit_SPIFlash_FatFs::exists(char const*)
 .text._ZN23Adafruit_SPIFlash_FatFs5mkdirEPKc
                0x00006e26       0x74 libraries\Adafruit_SPIFlash\Adafruit_SPIFlash_FatFs.cpp.o
                0x00006e26                Adafruit_SPIFlash_FatFs::mkdir(char const*)
 .text._ZN23Adafruit_SPIFlash_FatFs6removeEPKc
                0x00006e9a       0x18 libraries\Adafruit_SPIFlash\Adafruit_SPIFlash_FatFs.cpp.o
                0x00006e9a                Adafruit_SPIFlash_FatFs::remove(char const*)
 *fill*         0x00006eb2        0x2 
 .text.ff_convert
                0x00006eb4       0x38 libraries\Adafruit_SPIFlash\utility\ccsbcs.c.o
                0x00006eb4                ff_convert
 .text.ff_wtoupper
                0x00006eec       0x84 libraries\Adafruit_SPIFlash\utility\ccsbcs.c.o
                0x00006eec                ff_wtoupper
 .text.ld_dword
                0x00006f70       0x16 libraries\Adafruit_SPIFlash\utility\ff.c.o
 .text.st_dword
                0x00006f86       0x10 libraries\Adafruit_SPIFlash\utility\ff.c.o
 .text.mem_set  0x00006f96        0xc libraries\Adafruit_SPIFlash\utility\ff.c.o
 .text.clust2sect
                0x00006fa2       0x16 libraries\Adafruit_SPIFlash\utility\ff.c.o
 .text.sum_sfn  0x00006fb8       0x1e libraries\Adafruit_SPIFlash\utility\ff.c.o
 *fill*         0x00006fd6        0x2 
 .text.get_ldnumber
                0x00006fd8       0x40 libraries\Adafruit_SPIFlash\utility\ff.c.o
 .text.validate
                0x00007018       0x36 libraries\Adafruit_SPIFlash\utility\ff.c.o
 .text.mem_cpy.part.0
                0x0000704e       0x10 libraries\Adafruit_SPIFlash\utility\ff.c.o
 .text.ld_clust.isra.1
                0x0000705e       0x1c libraries\Adafruit_SPIFlash\utility\ff.c.o
 .text.st_clust.isra.2
                0x0000707a       0x18 libraries\Adafruit_SPIFlash\utility\ff.c.o
 .text.sync_window.part.3
                0x00007092       0x46 libraries\Adafruit_SPIFlash\utility\ff.c.o
 .text.sync_window
                0x000070d8        0xc libraries\Adafruit_SPIFlash\utility\ff.c.o
 .text.move_window
                0x000070e4       0x38 libraries\Adafruit_SPIFlash\utility\ff.c.o
 .text.check_fs
                0x0000711c       0x84 libraries\Adafruit_SPIFlash\utility\ff.c.o
 .text.find_volume
                0x000071a0      0x2c0 libraries\Adafruit_SPIFlash\utility\ff.c.o
 .text.put_fat  0x00007460       0xf6 libraries\Adafruit_SPIFlash\utility\ff.c.o
 .text.get_fat.isra.7
                0x00007556       0xb6 libraries\Adafruit_SPIFlash\utility\ff.c.o
 .text.dir_sdi  0x0000760c       0x92 libraries\Adafruit_SPIFlash\utility\ff.c.o
 .text.create_chain
                0x0000769e       0xb6 libraries\Adafruit_SPIFlash\utility\ff.c.o
 .text.remove_chain
                0x00007754       0x6c libraries\Adafruit_SPIFlash\utility\ff.c.o
 .text.get_fileinfo
                0x000077c0       0xd4 libraries\Adafruit_SPIFlash\utility\ff.c.o
 .text.sync_fs  0x00007894       0x96 libraries\Adafruit_SPIFlash\utility\ff.c.o
 .text.dir_next
                0x0000792a       0xfa libraries\Adafruit_SPIFlash\utility\ff.c.o
 .text.dir_alloc
                0x00007a24       0x44 libraries\Adafruit_SPIFlash\utility\ff.c.o
 .text.dir_read
                0x00007a68      0x11c libraries\Adafruit_SPIFlash\utility\ff.c.o
 .text.dir_remove
                0x00007b84       0x48 libraries\Adafruit_SPIFlash\utility\ff.c.o
 .text.dir_find
                0x00007bcc      0x160 libraries\Adafruit_SPIFlash\utility\ff.c.o
 .text.dir_register
                0x00007d2c      0x208 libraries\Adafruit_SPIFlash\utility\ff.c.o
 .text.follow_path
                0x00007f34      0x2dc libraries\Adafruit_SPIFlash\utility\ff.c.o
 .text.f_mount  0x00008210       0x50 libraries\Adafruit_SPIFlash\utility\ff.c.o
                0x00008210                f_mount
 .text.f_open   0x00008260      0x1b8 libraries\Adafruit_SPIFlash\utility\ff.c.o
                0x00008260                f_open
 .text.f_read   0x00008418      0x128 libraries\Adafruit_SPIFlash\utility\ff.c.o
                0x00008418                f_read
 .text.f_write  0x00008540      0x182 libraries\Adafruit_SPIFlash\utility\ff.c.o
                0x00008540                f_write
 .text.f_sync   0x000086c2       0x68 libraries\Adafruit_SPIFlash\utility\ff.c.o
                0x000086c2                f_sync
 .text.f_close  0x0000872a       0x1a libraries\Adafruit_SPIFlash\utility\ff.c.o
                0x0000872a                f_close
 .text.f_lseek  0x00008744       0xfa libraries\Adafruit_SPIFlash\utility\ff.c.o
                0x00008744                f_lseek
 .text.f_opendir
                0x0000883e       0x60 libraries\Adafruit_SPIFlash\utility\ff.c.o
                0x0000883e                f_opendir
 .text.f_closedir
                0x0000889e       0x12 libraries\Adafruit_SPIFlash\utility\ff.c.o
                0x0000889e                f_closedir
 .text.f_stat   0x000088b0       0x42 libraries\Adafruit_SPIFlash\utility\ff.c.o
                0x000088b0                f_stat
 .text.f_unlink
                0x000088f2       0xaa libraries\Adafruit_SPIFlash\utility\ff.c.o
                0x000088f2                f_unlink
 .text.f_mkdir  0x0000899c      0x174 libraries\Adafruit_SPIFlash\utility\ff.c.o
                0x0000899c                f_mkdir
 .text._Z18flashdisk_activateP23Adafruit_SPIFlash_FatFs
                0x00008b10        0xc libraries\Adafruit_SPIFlash\utility\flashdisk.cpp.o
                0x00008b10                flashdisk_activate(Adafruit_SPIFlash_FatFs*)
 .text.disk_status
                0x00008b1c       0x18 libraries\Adafruit_SPIFlash\utility\flashdisk.cpp.o
                0x00008b1c                disk_status
 .text.disk_initialize
                0x00008b34       0x18 libraries\Adafruit_SPIFlash\utility\flashdisk.cpp.o
                0x00008b34                disk_initialize
 .text.disk_read
                0x00008b4c       0x18 libraries\Adafruit_SPIFlash\utility\flashdisk.cpp.o
                0x00008b4c                disk_read
 .text.disk_write
                0x00008b64       0x18 libraries\Adafruit_SPIFlash\utility\flashdisk.cpp.o
                0x00008b64                disk_write
 .text.disk_ioctl
                0x00008b7c       0x18 libraries\Adafruit_SPIFlash\utility\flashdisk.cpp.o
                0x00008b7c                disk_ioctl
 .text._ZN8SPIClass4initEv
                0x00008b94       0x10 libraries\SPI\SPI.cpp.o
                0x00008b94                SPIClass::init()
 .text._ZN8SPIClass6configE11SPISettings
                0x00008ba4       0x3a libraries\SPI\SPI.cpp.o
                0x00008ba4                SPIClass::config(SPISettings)
 *fill*         0x00008bde        0x2 
 .text._ZN8SPIClass5beginEv
                0x00008be0       0x50 libraries\SPI\SPI.cpp.o
                0x00008be0                SPIClass::begin()
 .text._ZN8SPIClass3endEv
                0x00008c30       0x10 libraries\SPI\SPI.cpp.o
                0x00008c30                SPIClass::end()
 .text._ZN8SPIClass16beginTransactionE11SPISettings
                0x00008c40       0x3c libraries\SPI\SPI.cpp.o
                0x00008c40                SPIClass::beginTransaction(SPISettings)
 .text._ZN8SPIClass14endTransactionEv
                0x00008c7c       0x20 libraries\SPI\SPI.cpp.o
                0x00008c7c                SPIClass::endTransaction()
 .text._ZN8SPIClass11setBitOrderE8BitOrder
                0x00008c9c        0xe libraries\SPI\SPI.cpp.o
                0x00008c9c                SPIClass::setBitOrder(BitOrder)
 .text._ZN8SPIClass11setDataModeEh
                0x00008caa       0x28 libraries\SPI\SPI.cpp.o
                0x00008caa                SPIClass::setDataMode(unsigned char)
 .text._ZN8SPIClass15setClockDividerEh
                0x00008cd2        0xa libraries\SPI\SPI.cpp.o
                0x00008cd2                SPIClass::setClockDivider(unsigned char)
 .text._ZN8SPIClass8transferEh
                0x00008cdc        0x6 libraries\SPI\SPI.cpp.o
                0x00008cdc                SPIClass::transfer(unsigned char)
 *fill*         0x00008ce2        0x2 
 .text.startup._GLOBAL__sub_I__ZN8SPIClassC2EP6SERCOMhhh14SercomSpiTXPad11SercomRXPad
                0x00008ce4       0x38 libraries\SPI\SPI.cpp.o
 .text._ZN13Adafruit_QSPID2Ev
                0x00008d1c        0x2 libraries\Adafruit_QSPI\Adafruit_QSPI.cpp.o
                0x00008d1c                Adafruit_QSPI::~Adafruit_QSPI()
                0x00008d1c                Adafruit_QSPI::~Adafruit_QSPI()
 *fill*         0x00008d1e        0x2 
 .text._ZN13Adafruit_QSPI5beginEv
                0x00008d20       0x78 libraries\Adafruit_QSPI\Adafruit_QSPI.cpp.o
                0x00008d20                Adafruit_QSPI::begin()
 .text._ZN13Adafruit_QSPI14runInstructionEPK9QSPIInstrmPhS3_mb
                0x00008d98      0x100 libraries\Adafruit_QSPI\Adafruit_QSPI.cpp.o
                0x00008d98                Adafruit_QSPI::runInstruction(QSPIInstr const*, unsigned long, unsigned char*, unsigned char*, unsigned long, bool)
 .text.startup._GLOBAL__sub_I__ZN13Adafruit_QSPI5beginEv
                0x00008e98       0x18 libraries\Adafruit_QSPI\Adafruit_QSPI.cpp.o
 .text._ZN21Adafruit_QSPI_Generic11EraseSectorEm
                0x00008eb0        0xa libraries\Adafruit_QSPI\Adafruit_QSPI_Generic.cpp.o
                0x00008eb0                Adafruit_QSPI_Generic::EraseSector(unsigned long)
 *fill*         0x00008eba        0x2 
 .text._ZN21Adafruit_QSPI_Generic10GetJEDECIDEv
                0x00008ebc       0x40 libraries\Adafruit_QSPI\Adafruit_QSPI_Generic.cpp.o
                0x00008ebc                Adafruit_QSPI_Generic::GetJEDECID()
 .text._ZN21Adafruit_QSPI_Generic5beginEv
                0x00008efc       0x14 libraries\Adafruit_QSPI\Adafruit_QSPI_Generic.cpp.o
                0x00008efc                Adafruit_QSPI_Generic::begin()
 .text._ZN21Adafruit_QSPI_Generic12setFlashTypeE15spiflash_type_t
                0x00008f10       0x8a libraries\Adafruit_QSPI\Adafruit_QSPI_Generic.cpp.o
                0x00008f10                Adafruit_QSPI_Generic::setFlashType(spiflash_type_t)
 *fill*         0x00008f9a        0x2 
 .text._ZN21Adafruit_QSPI_Generic12readDeviceIDEv
                0x00008f9c       0x2c libraries\Adafruit_QSPI\Adafruit_QSPI_Generic.cpp.o
                0x00008f9c                Adafruit_QSPI_Generic::readDeviceID()
 .text._ZN21Adafruit_QSPI_Generic18readManufacturerIDEv
                0x00008fc8       0x2c libraries\Adafruit_QSPI\Adafruit_QSPI_Generic.cpp.o
                0x00008fc8                Adafruit_QSPI_Generic::readManufacturerID()
 .text._ZN21Adafruit_QSPI_Generic19GetManufacturerInfoEPhS0_
                0x00008ff4       0x18 libraries\Adafruit_QSPI\Adafruit_QSPI_Generic.cpp.o
                0x00008ff4                Adafruit_QSPI_Generic::GetManufacturerInfo(unsigned char*, unsigned char*)
 .text._ZN21Adafruit_QSPI_Generic10readStatusEv
                0x0000900c       0x2c libraries\Adafruit_QSPI\Adafruit_QSPI_Generic.cpp.o
                0x0000900c                Adafruit_QSPI_Generic::readStatus()
 .text._ZN21Adafruit_QSPI_Generic11eraseSectorEm
                0x00009038       0x50 libraries\Adafruit_QSPI\Adafruit_QSPI_Generic.cpp.o
                0x00009038                Adafruit_QSPI_Generic::eraseSector(unsigned long)
 .text._ZN21Adafruit_QSPI_Generic10readMemoryEmPhmb
                0x00009088       0x28 libraries\Adafruit_QSPI\Adafruit_QSPI_Generic.cpp.o
                0x00009088                Adafruit_QSPI_Generic::readMemory(unsigned long, unsigned char*, unsigned long, bool)
 .text._ZN21Adafruit_QSPI_Generic10readBufferEmPhm
                0x000090b0       0x12 libraries\Adafruit_QSPI\Adafruit_QSPI_Generic.cpp.o
                0x000090b0                Adafruit_QSPI_Generic::readBuffer(unsigned long, unsigned char*, unsigned long)
 *fill*         0x000090c2        0x2 
 .text._ZN21Adafruit_QSPI_Generic11writeMemoryEmPhm
                0x000090c4       0x70 libraries\Adafruit_QSPI\Adafruit_QSPI_Generic.cpp.o
                0x000090c4                Adafruit_QSPI_Generic::writeMemory(unsigned long, unsigned char*, unsigned long)
 .text._ZN21Adafruit_QSPI_Generic11writeBufferEmPhm
                0x00009134        0xc libraries\Adafruit_QSPI\Adafruit_QSPI_Generic.cpp.o
                0x00009134                Adafruit_QSPI_Generic::writeBuffer(unsigned long, unsigned char*, unsigned long)
 .text._ZN16Adafruit_DotStar11hw_spi_initEv
                0x00009140       0x2c libraries\Adafruit_DotStar\Adafruit_DotStar.cpp.o
                0x00009140                Adafruit_DotStar::hw_spi_init()
 .text._ZN16Adafruit_DotStar11sw_spi_initEv
                0x0000916c       0x28 libraries\Adafruit_DotStar\Adafruit_DotStar.cpp.o
                0x0000916c                Adafruit_DotStar::sw_spi_init()
 .text._ZN16Adafruit_DotStar5beginEv
                0x00009194        0xe libraries\Adafruit_DotStar\Adafruit_DotStar.cpp.o
                0x00009194                Adafruit_DotStar::begin()
 .text._ZN16Adafruit_DotStar10sw_spi_endEv
                0x000091a2       0x18 libraries\Adafruit_DotStar\Adafruit_DotStar.cpp.o
                0x000091a2                Adafruit_DotStar::sw_spi_end()
 *fill*         0x000091ba        0x2 
 .text._ZN16Adafruit_DotStarD2Ev
                0x000091bc       0x28 libraries\Adafruit_DotStar\Adafruit_DotStar.cpp.o
                0x000091bc                Adafruit_DotStar::~Adafruit_DotStar()
                0x000091bc                Adafruit_DotStar::~Adafruit_DotStar()
 .text._ZN16Adafruit_DotStar10sw_spi_outEh
                0x000091e4       0x38 libraries\Adafruit_DotStar\Adafruit_DotStar.cpp.o
                0x000091e4                Adafruit_DotStar::sw_spi_out(unsigned char)
 .text._ZN16Adafruit_DotStar4showEv
                0x0000921c      0x138 libraries\Adafruit_DotStar\Adafruit_DotStar.cpp.o
                0x0000921c                Adafruit_DotStar::show()
 .text._ZN16Adafruit_DotStar5clearEv
                0x00009354       0x1e libraries\Adafruit_DotStar\Adafruit_DotStar.cpp.o
                0x00009354                Adafruit_DotStar::clear()
 .text._ZN16Adafruit_DotStar12updateLengthEt
                0x00009372       0x38 libraries\Adafruit_DotStar\Adafruit_DotStar.cpp.o
                0x00009372                Adafruit_DotStar::updateLength(unsigned short)
 .text._ZN16Adafruit_DotStarC2Ethhh
                0x000093aa       0x2c libraries\Adafruit_DotStar\Adafruit_DotStar.cpp.o
                0x000093aa                Adafruit_DotStar::Adafruit_DotStar(unsigned short, unsigned char, unsigned char, unsigned char)
                0x000093aa                Adafruit_DotStar::Adafruit_DotStar(unsigned short, unsigned char, unsigned char, unsigned char)
 .text._ZN16Adafruit_DotStar13setPixelColorEtm
                0x000093d6       0x22 libraries\Adafruit_DotStar\Adafruit_DotStar.cpp.o
                0x000093d6                Adafruit_DotStar::setPixelColor(unsigned short, unsigned long)
 .text.SERCOM3_0_Handler
                0x000093f8        0xc core\variant.cpp.o
                0x000093f8                SERCOM3_0_Handler
 .text.SERCOM3_1_Handler
                0x00009404        0xc core\variant.cpp.o
                0x00009404                SERCOM3_1_Handler
 .text.SERCOM3_2_Handler
                0x00009410        0xc core\variant.cpp.o
                0x00009410                SERCOM3_2_Handler
 .text.SERCOM3_3_Handler
                0x0000941c        0xc core\variant.cpp.o
                0x0000941c                SERCOM3_3_Handler
 .text.startup._GLOBAL__sub_I_g_APinDescription
                0x00009428       0x7c core\variant.cpp.o
 .text._ZN5Print5writeEPKhj
                0x000094a4       0x22 C:\Users\samsu\AppData\Local\Temp\arduino_cache_138925\core\core_02f97b69ad83e20fc58e413391494cff.a(Print.cpp.o)
                0x000094a4                Print::write(unsigned char const*, unsigned int)
 .text._ZN5Print5printEmi.part.6
                0x000094c6        0xc C:\Users\samsu\AppData\Local\Temp\arduino_cache_138925\core\core_02f97b69ad83e20fc58e413391494cff.a(Print.cpp.o)
 .text._ZN5Print5writeEPKc
                0x000094d2       0x1e C:\Users\samsu\AppData\Local\Temp\arduino_cache_138925\core\core_02f97b69ad83e20fc58e413391494cff.a(Print.cpp.o)
                0x000094d2                Print::write(char const*)
 .text._ZN5Print5printEPK19__FlashStringHelper
                0x000094f0        0x8 C:\Users\samsu\AppData\Local\Temp\arduino_cache_138925\core\core_02f97b69ad83e20fc58e413391494cff.a(Print.cpp.o)
                0x000094f0                Print::print(__FlashStringHelper const*)
 .text._ZN5Print5printEPKc
                0x000094f8        0x8 C:\Users\samsu\AppData\Local\Temp\arduino_cache_138925\core\core_02f97b69ad83e20fc58e413391494cff.a(Print.cpp.o)
                0x000094f8                Print::print(char const*)
 .text._ZN5Print5printEc
                0x00009500        0xa C:\Users\samsu\AppData\Local\Temp\arduino_cache_138925\core\core_02f97b69ad83e20fc58e413391494cff.a(Print.cpp.o)
                0x00009500                Print::print(char)
 *fill*         0x0000950a        0x2 
 .text._ZN5Print7printlnEv
                0x0000950c       0x10 C:\Users\samsu\AppData\Local\Temp\arduino_cache_138925\core\core_02f97b69ad83e20fc58e413391494cff.a(Print.cpp.o)
                0x0000950c                Print::println()
 .text._ZN5Print7printlnEPKc
                0x0000951c       0x14 C:\Users\samsu\AppData\Local\Temp\arduino_cache_138925\core\core_02f97b69ad83e20fc58e413391494cff.a(Print.cpp.o)
                0x0000951c                Print::println(char const*)
 .text._ZN5Print11printNumberEmh
                0x00009530       0x3e C:\Users\samsu\AppData\Local\Temp\arduino_cache_138925\core\core_02f97b69ad83e20fc58e413391494cff.a(Print.cpp.o)
                0x00009530                Print::printNumber(unsigned long, unsigned char)
 .text._ZN5Print5printEli
                0x0000956e       0x3c C:\Users\samsu\AppData\Local\Temp\arduino_cache_138925\core\core_02f97b69ad83e20fc58e413391494cff.a(Print.cpp.o)
                0x0000956e                Print::print(long, int)
 .text._ZN5Print5printEii
                0x000095aa        0x4 C:\Users\samsu\AppData\Local\Temp\arduino_cache_138925\core\core_02f97b69ad83e20fc58e413391494cff.a(Print.cpp.o)
                0x000095aa                Print::print(int, int)
 .text._ZN5Print5printEmi
                0x000095ae        0xc C:\Users\samsu\AppData\Local\Temp\arduino_cache_138925\core\core_02f97b69ad83e20fc58e413391494cff.a(Print.cpp.o)
                0x000095ae                Print::print(unsigned long, int)
 .text._ZN5Print5printEhi
                0x000095ba        0x4 C:\Users\samsu\AppData\Local\Temp\arduino_cache_138925\core\core_02f97b69ad83e20fc58e413391494cff.a(Print.cpp.o)
                0x000095ba                Print::print(unsigned char, int)
 .text._ZN5Print5printEji
                0x000095be        0x4 C:\Users\samsu\AppData\Local\Temp\arduino_cache_138925\core\core_02f97b69ad83e20fc58e413391494cff.a(Print.cpp.o)
                0x000095be                Print::print(unsigned int, int)
 *fill*         0x000095c2        0x2 
 .text.NVIC_EnableIRQ
                0x000095c4       0x18 C:\Users\samsu\AppData\Local\Temp\arduino_cache_138925\core\core_02f97b69ad83e20fc58e413391494cff.a(SERCOM.cpp.o)
 .text.NVIC_ClearPendingIRQ
                0x000095dc       0x1c C:\Users\samsu\AppData\Local\Temp\arduino_cache_138925\core\core_02f97b69ad83e20fc58e413391494cff.a(SERCOM.cpp.o)
 .text.NVIC_SetPriority.constprop.3
                0x000095f8       0x24 C:\Users\samsu\AppData\Local\Temp\arduino_cache_138925\core\core_02f97b69ad83e20fc58e413391494cff.a(SERCOM.cpp.o)
 .text._ZN6SERCOMC2EP6Sercom
                0x0000961c        0x4 C:\Users\samsu\AppData\Local\Temp\arduino_cache_138925\core\core_02f97b69ad83e20fc58e413391494cff.a(SERCOM.cpp.o)
                0x0000961c                SERCOM::SERCOM(Sercom*)
                0x0000961c                SERCOM::SERCOM(Sercom*)
 .text._ZN6SERCOM9initFrameE18SercomUartCharSize15SercomDataOrder16SercomParityMode19SercomNumberStopBit
                0x00009620       0x34 C:\Users\samsu\AppData\Local\Temp\arduino_cache_138925\core\core_02f97b69ad83e20fc58e413391494cff.a(SERCOM.cpp.o)
                0x00009620                SERCOM::initFrame(SercomUartCharSize, SercomDataOrder, SercomParityMode, SercomNumberStopBit)
 .text._ZN6SERCOM8initPadsE15SercomUartTXPad11SercomRXPad
                0x00009654       0x24 C:\Users\samsu\AppData\Local\Temp\arduino_cache_138925\core\core_02f97b69ad83e20fc58e413391494cff.a(SERCOM.cpp.o)
                0x00009654                SERCOM::initPads(SercomUartTXPad, SercomRXPad)
 .text._ZN6SERCOM9resetUARTEv
                0x00009678       0x1a C:\Users\samsu\AppData\Local\Temp\arduino_cache_138925\core\core_02f97b69ad83e20fc58e413391494cff.a(SERCOM.cpp.o)
                0x00009678                SERCOM::resetUART()
 .text._ZN6SERCOM10enableUARTEv
                0x00009692       0x14 C:\Users\samsu\AppData\Local\Temp\arduino_cache_138925\core\core_02f97b69ad83e20fc58e413391494cff.a(SERCOM.cpp.o)
                0x00009692                SERCOM::enableUART()
 .text._ZN6SERCOM9flushUARTEv
                0x000096a6       0x14 C:\Users\samsu\AppData\Local\Temp\arduino_cache_138925\core\core_02f97b69ad83e20fc58e413391494cff.a(SERCOM.cpp.o)
                0x000096a6                SERCOM::flushUART()
 .text._ZN6SERCOM15clearStatusUARTEv
                0x000096ba        0x8 C:\Users\samsu\AppData\Local\Temp\arduino_cache_138925\core\core_02f97b69ad83e20fc58e413391494cff.a(SERCOM.cpp.o)
                0x000096ba                SERCOM::clearStatusUART()
 .text._ZN6SERCOM17availableDataUARTEv
                0x000096c2        0xa C:\Users\samsu\AppData\Local\Temp\arduino_cache_138925\core\core_02f97b69ad83e20fc58e413391494cff.a(SERCOM.cpp.o)
                0x000096c2                SERCOM::availableDataUART()
 .text._ZN6SERCOM11isUARTErrorEv
                0x000096cc        0x8 C:\Users\samsu\AppData\Local\Temp\arduino_cache_138925\core\core_02f97b69ad83e20fc58e413391494cff.a(SERCOM.cpp.o)
                0x000096cc                SERCOM::isUARTError()
 .text._ZN6SERCOM20acknowledgeUARTErrorEv
                0x000096d4        0xc C:\Users\samsu\AppData\Local\Temp\arduino_cache_138925\core\core_02f97b69ad83e20fc58e413391494cff.a(SERCOM.cpp.o)
                0x000096d4                SERCOM::acknowledgeUARTError()
 .text._ZN6SERCOM16isFrameErrorUARTEv
                0x000096e0        0xa C:\Users\samsu\AppData\Local\Temp\arduino_cache_138925\core\core_02f97b69ad83e20fc58e413391494cff.a(SERCOM.cpp.o)
                0x000096e0                SERCOM::isFrameErrorUART()
 .text._ZN6SERCOM19clearFrameErrorUARTEv
                0x000096ea        0xc C:\Users\samsu\AppData\Local\Temp\arduino_cache_138925\core\core_02f97b69ad83e20fc58e413391494cff.a(SERCOM.cpp.o)
                0x000096ea                SERCOM::clearFrameErrorUART()
 .text._ZN6SERCOM23isDataRegisterEmptyUARTEv
                0x000096f6        0xa C:\Users\samsu\AppData\Local\Temp\arduino_cache_138925\core\core_02f97b69ad83e20fc58e413391494cff.a(SERCOM.cpp.o)
                0x000096f6                SERCOM::isDataRegisterEmptyUART()
 .text._ZN6SERCOM12readDataUARTEv
                0x00009700        0x8 C:\Users\samsu\AppData\Local\Temp\arduino_cache_138925\core\core_02f97b69ad83e20fc58e413391494cff.a(SERCOM.cpp.o)
                0x00009700                SERCOM::readDataUART()
 .text._ZN6SERCOM13writeDataUARTEh
                0x00009708        0xe C:\Users\samsu\AppData\Local\Temp\arduino_cache_138925\core\core_02f97b69ad83e20fc58e413391494cff.a(SERCOM.cpp.o)
                0x00009708                SERCOM::writeDataUART(unsigned char)
 .text._ZN6SERCOM36enableDataRegisterEmptyInterruptUARTEv
                0x00009716        0x8 C:\Users\samsu\AppData\Local\Temp\arduino_cache_138925\core\core_02f97b69ad83e20fc58e413391494cff.a(SERCOM.cpp.o)
                0x00009716                SERCOM::enableDataRegisterEmptyInterruptUART()
 .text._ZN6SERCOM37disableDataRegisterEmptyInterruptUARTEv
                0x0000971e        0x8 C:\Users\samsu\AppData\Local\Temp\arduino_cache_138925\core\core_02f97b69ad83e20fc58e413391494cff.a(SERCOM.cpp.o)
                0x0000971e                SERCOM::disableDataRegisterEmptyInterruptUART()
 .text._ZN6SERCOM8resetSPIEv
                0x00009726       0x1a C:\Users\samsu\AppData\Local\Temp\arduino_cache_138925\core\core_02f97b69ad83e20fc58e413391494cff.a(SERCOM.cpp.o)
                0x00009726                SERCOM::resetSPI()
 .text._ZN6SERCOM9enableSPIEv
                0x00009740       0x14 C:\Users\samsu\AppData\Local\Temp\arduino_cache_138925\core\core_02f97b69ad83e20fc58e413391494cff.a(SERCOM.cpp.o)
                0x00009740                SERCOM::enableSPI()
 .text._ZN6SERCOM10disableSPIEv
                0x00009754       0x16 C:\Users\samsu\AppData\Local\Temp\arduino_cache_138925\core\core_02f97b69ad83e20fc58e413391494cff.a(SERCOM.cpp.o)
                0x00009754                SERCOM::disableSPI()
 .text._ZN6SERCOM15setDataOrderSPIE15SercomDataOrder
                0x0000976a       0x1e C:\Users\samsu\AppData\Local\Temp\arduino_cache_138925\core\core_02f97b69ad83e20fc58e413391494cff.a(SERCOM.cpp.o)
                0x0000976a                SERCOM::setDataOrderSPI(SercomDataOrder)
 .text._ZN6SERCOM15setClockModeSPIE18SercomSpiClockMode
                0x00009788       0x2e C:\Users\samsu\AppData\Local\Temp\arduino_cache_138925\core\core_02f97b69ad83e20fc58e413391494cff.a(SERCOM.cpp.o)
                0x00009788                SERCOM::setClockModeSPI(SercomSpiClockMode)
 .text._ZN6SERCOM15transferDataSPIEh
                0x000097b6       0x12 C:\Users\samsu\AppData\Local\Temp\arduino_cache_138925\core\core_02f97b69ad83e20fc58e413391494cff.a(SERCOM.cpp.o)
                0x000097b6                SERCOM::transferDataSPI(unsigned char)
 .text._ZN6SERCOM28calculateBaudrateSynchronousEm
                0x000097c8       0x18 C:\Users\samsu\AppData\Local\Temp\arduino_cache_138925\core\core_02f97b69ad83e20fc58e413391494cff.a(SERCOM.cpp.o)
                0x000097c8                SERCOM::calculateBaudrateSynchronous(unsigned long)
 .text._ZN6SERCOM12initSPIClockE18SercomSpiClockModem
                0x000097e0       0x24 C:\Users\samsu\AppData\Local\Temp\arduino_cache_138925\core\core_02f97b69ad83e20fc58e413391494cff.a(SERCOM.cpp.o)
                0x000097e0                SERCOM::initSPIClock(SercomSpiClockMode, unsigned long)
 .text._ZN6SERCOM14setBaudrateSPIEh
                0x00009804       0x28 C:\Users\samsu\AppData\Local\Temp\arduino_cache_138925\core\core_02f97b69ad83e20fc58e413391494cff.a(SERCOM.cpp.o)
                0x00009804                SERCOM::setBaudrateSPI(unsigned char)
 .text._ZN6SERCOM13initClockNVICEv
                0x0000982c      0x12c C:\Users\samsu\AppData\Local\Temp\arduino_cache_138925\core\core_02f97b69ad83e20fc58e413391494cff.a(SERCOM.cpp.o)
                0x0000982c                SERCOM::initClockNVIC()
 .text._ZN6SERCOM8initUARTE14SercomUartMode20SercomUartSampleRatem
                0x00009958       0x5c C:\Users\samsu\AppData\Local\Temp\arduino_cache_138925\core\core_02f97b69ad83e20fc58e413391494cff.a(SERCOM.cpp.o)
                0x00009958                SERCOM::initUART(SercomUartMode, SercomUartSampleRate, unsigned long)
 .text._ZN6SERCOM7initSPIE14SercomSpiTXPad11SercomRXPad17SercomSpiCharSize15SercomDataOrder
                0x000099b4       0x48 C:\Users\samsu\AppData\Local\Temp\arduino_cache_138925\core\core_02f97b69ad83e20fc58e413391494cff.a(SERCOM.cpp.o)
                0x000099b4                SERCOM::initSPI(SercomSpiTXPad, SercomRXPad, SercomSpiCharSize, SercomDataOrder)
 .text._ZN7Serial_17availableForWriteEv
                0x000099fc        0x4 C:\Users\samsu\AppData\Local\Temp\arduino_cache_138925\core\core_02f97b69ad83e20fc58e413391494cff.a(CDC.cpp.o)
                0x000099fc                Serial_::availableForWrite()
 .text._ZN7Serial_5writeEh
                0x00009a00       0x16 C:\Users\samsu\AppData\Local\Temp\arduino_cache_138925\core\core_02f97b69ad83e20fc58e413391494cff.a(CDC.cpp.o)
                0x00009a00                Serial_::write(unsigned char)
 .text._ZN7Serial_9availableEv
                0x00009a16        0x8 C:\Users\samsu\AppData\Local\Temp\arduino_cache_138925\core\core_02f97b69ad83e20fc58e413391494cff.a(CDC.cpp.o)
                0x00009a16                Serial_::available()
 .text._ZN7Serial_5flushEv
                0x00009a1e        0x8 C:\Users\samsu\AppData\Local\Temp\arduino_cache_138925\core\core_02f97b69ad83e20fc58e413391494cff.a(CDC.cpp.o)
                0x00009a1e                Serial_::flush()
 *fill*         0x00009a26        0x2 
 .text._ZN7Serial_5writeEPKhj
                0x00009a28       0x2c C:\Users\samsu\AppData\Local\Temp\arduino_cache_138925\core\core_02f97b69ad83e20fc58e413391494cff.a(CDC.cpp.o)
                0x00009a28                Serial_::write(unsigned char const*, unsigned int)
 .text._ZN7Serial_4peekEv
                0x00009a54       0x1c C:\Users\samsu\AppData\Local\Temp\arduino_cache_138925\core\core_02f97b69ad83e20fc58e413391494cff.a(CDC.cpp.o)
                0x00009a54                Serial_::peek()
 .text._ZN7Serial_4readEv
                0x00009a70       0x20 C:\Users\samsu\AppData\Local\Temp\arduino_cache_138925\core\core_02f97b69ad83e20fc58e413391494cff.a(CDC.cpp.o)
                0x00009a70                Serial_::read()
 .text._Z16CDC_GetInterfacePh
                0x00009a90       0x18 C:\Users\samsu\AppData\Local\Temp\arduino_cache_138925\core\core_02f97b69ad83e20fc58e413391494cff.a(CDC.cpp.o)
                0x00009a90                CDC_GetInterface(unsigned char*)
 .text._Z9CDC_SetupR8USBSetup
                0x00009aa8       0x7c C:\Users\samsu\AppData\Local\Temp\arduino_cache_138925\core\core_02f97b69ad83e20fc58e413391494cff.a(CDC.cpp.o)
                0x00009aa8                CDC_Setup(USBSetup&)
 .text._ZN7Serial_5beginEm
                0x00009b24        0x2 C:\Users\samsu\AppData\Local\Temp\arduino_cache_138925\core\core_02f97b69ad83e20fc58e413391494cff.a(CDC.cpp.o)
                0x00009b24                Serial_::begin(unsigned long)
 *fill*         0x00009b26        0x2 
 .text._ZN7Serial_cvbEv
                0x00009b28       0x28 C:\Users\samsu\AppData\Local\Temp\arduino_cache_138925\core\core_02f97b69ad83e20fc58e413391494cff.a(CDC.cpp.o)
                0x00009b28                Serial_::operator bool()
 .text.startup._GLOBAL__sub_I__Z17_CDC_GetInterfacev
                0x00009b50       0x24 C:\Users\samsu\AppData\Local\Temp\arduino_cache_138925\core\core_02f97b69ad83e20fc58e413391494cff.a(CDC.cpp.o)
 .text._ZN26DoubleBufferedEPOutHandler4initEv
                0x00009b74        0x2 C:\Users\samsu\AppData\Local\Temp\arduino_cache_138925\core\core_02f97b69ad83e20fc58e413391494cff.a(USBCore.cpp.o)
                0x00009b74                DoubleBufferedEPOutHandler::init()
 *fill*         0x00009b76        0x2 
 .text._ZN26DoubleBufferedEPOutHandlerD2Ev
                0x00009b78       0x1c C:\Users\samsu\AppData\Local\Temp\arduino_cache_138925\core\core_02f97b69ad83e20fc58e413391494cff.a(USBCore.cpp.o)
                0x00009b78                DoubleBufferedEPOutHandler::~DoubleBufferedEPOutHandler()
                0x00009b78                DoubleBufferedEPOutHandler::~DoubleBufferedEPOutHandler()
 .text._ZN26DoubleBufferedEPOutHandlerD0Ev
                0x00009b94       0x12 C:\Users\samsu\AppData\Local\Temp\arduino_cache_138925\core\core_02f97b69ad83e20fc58e413391494cff.a(USBCore.cpp.o)
                0x00009b94                DoubleBufferedEPOutHandler::~DoubleBufferedEPOutHandler()
 *fill*         0x00009ba6        0x2 
 .text._ZN14USBDeviceClass6initEPEmm.part.4
                0x00009ba8       0xc0 C:\Users\samsu\AppData\Local\Temp\arduino_cache_138925\core\core_02f97b69ad83e20fc58e413391494cff.a(USBCore.cpp.o)
 .text._ZN7__GuardC2Ev
                0x00009c68        0xe C:\Users\samsu\AppData\Local\Temp\arduino_cache_138925\core\core_02f97b69ad83e20fc58e413391494cff.a(USBCore.cpp.o)
                0x00009c68                __Guard::__Guard()
                0x00009c68                __Guard::__Guard()
 .text._ZN7__GuardD2Ev
                0x00009c76        0xc C:\Users\samsu\AppData\Local\Temp\arduino_cache_138925\core\core_02f97b69ad83e20fc58e413391494cff.a(USBCore.cpp.o)
                0x00009c76                __Guard::~__Guard()
                0x00009c76                __Guard::~__Guard()
 .text._ZNK26DoubleBufferedEPOutHandler9availableEv
                0x00009c82       0x5e C:\Users\samsu\AppData\Local\Temp\arduino_cache_138925\core\core_02f97b69ad83e20fc58e413391494cff.a(USBCore.cpp.o)
                0x00009c82                DoubleBufferedEPOutHandler::available() const
 .text._ZN26DoubleBufferedEPOutHandler7releaseEv
                0x00009ce0       0x4e C:\Users\samsu\AppData\Local\Temp\arduino_cache_138925\core\core_02f97b69ad83e20fc58e413391494cff.a(USBCore.cpp.o)
                0x00009ce0                DoubleBufferedEPOutHandler::release()
 .text._ZN26DoubleBufferedEPOutHandler4recvEPvm
                0x00009d2e      0x114 C:\Users\samsu\AppData\Local\Temp\arduino_cache_138925\core\core_02f97b69ad83e20fc58e413391494cff.a(USBCore.cpp.o)
                0x00009d2e                DoubleBufferedEPOutHandler::recv(void*, unsigned long)
 .text._ZN26DoubleBufferedEPOutHandler14handleEndpointEv
                0x00009e42       0xc6 C:\Users\samsu\AppData\Local\Temp\arduino_cache_138925\core\core_02f97b69ad83e20fc58e413391494cff.a(USBCore.cpp.o)
                0x00009e42                DoubleBufferedEPOutHandler::handleEndpoint()
 .text._ZN14USBDeviceClass14SendInterfacesEPm
                0x00009f08       0x30 C:\Users\samsu\AppData\Local\Temp\arduino_cache_138925\core\core_02f97b69ad83e20fc58e413391494cff.a(USBCore.cpp.o)
                0x00009f08                USBDeviceClass::SendInterfaces(unsigned long*)
 .text._ZN14USBDeviceClass14handleEndpointEh
                0x00009f38       0x3c C:\Users\samsu\AppData\Local\Temp\arduino_cache_138925\core\core_02f97b69ad83e20fc58e413391494cff.a(USBCore.cpp.o)
                0x00009f38                USBDeviceClass::handleEndpoint(unsigned char)
 .text._ZN14USBDeviceClass4initEv
                0x00009f74       0xf0 C:\Users\samsu\AppData\Local\Temp\arduino_cache_138925\core\core_02f97b69ad83e20fc58e413391494cff.a(USBCore.cpp.o)
                0x00009f74                USBDeviceClass::init()
 .text._ZN14USBDeviceClass6attachEv
                0x0000a064       0x30 C:\Users\samsu\AppData\Local\Temp\arduino_cache_138925\core\core_02f97b69ad83e20fc58e413391494cff.a(USBCore.cpp.o)
                0x0000a064                USBDeviceClass::attach()
 .text._ZN14USBDeviceClass10setAddressEm
                0x0000a094       0x40 C:\Users\samsu\AppData\Local\Temp\arduino_cache_138925\core\core_02f97b69ad83e20fc58e413391494cff.a(USBCore.cpp.o)
                0x0000a094                USBDeviceClass::setAddress(unsigned long)
 .text._ZN14USBDeviceClass25handleClassInterfaceSetupER8USBSetup
                0x0000a0d4       0x3c C:\Users\samsu\AppData\Local\Temp\arduino_cache_138925\core\core_02f97b69ad83e20fc58e413391494cff.a(USBCore.cpp.o)
                0x0000a0d4                USBDeviceClass::handleClassInterfaceSetup(USBSetup&)
 .text._ZN14USBDeviceClass6initEPEmm
                0x0000a110       0xe8 C:\Users\samsu\AppData\Local\Temp\arduino_cache_138925\core\core_02f97b69ad83e20fc58e413391494cff.a(USBCore.cpp.o)
                0x0000a110                USBDeviceClass::initEP(unsigned long, unsigned long)
 .text._ZN14USBDeviceClass13initEndpointsEv
                0x0000a1f8       0x24 C:\Users\samsu\AppData\Local\Temp\arduino_cache_138925\core\core_02f97b69ad83e20fc58e413391494cff.a(USBCore.cpp.o)
                0x0000a1f8                USBDeviceClass::initEndpoints()
 .text._ZN14USBDeviceClass9availableEm
                0x0000a21c       0x2c C:\Users\samsu\AppData\Local\Temp\arduino_cache_138925\core\core_02f97b69ad83e20fc58e413391494cff.a(USBCore.cpp.o)
                0x0000a21c                USBDeviceClass::available(unsigned long)
 .text._ZN14USBDeviceClass5flushEm
                0x0000a248       0x28 C:\Users\samsu\AppData\Local\Temp\arduino_cache_138925\core\core_02f97b69ad83e20fc58e413391494cff.a(USBCore.cpp.o)
                0x0000a248                USBDeviceClass::flush(unsigned long)
 .text._ZN14USBDeviceClass14armRecvCtrlOUTEm
                0x0000a270       0x58 C:\Users\samsu\AppData\Local\Temp\arduino_cache_138925\core\core_02f97b69ad83e20fc58e413391494cff.a(USBCore.cpp.o)
                0x0000a270                USBDeviceClass::armRecvCtrlOUT(unsigned long)
 .text._ZN14USBDeviceClass11recvControlEPvm
                0x0000a2c8       0x3c C:\Users\samsu\AppData\Local\Temp\arduino_cache_138925\core\core_02f97b69ad83e20fc58e413391494cff.a(USBCore.cpp.o)
                0x0000a2c8                USBDeviceClass::recvControl(void*, unsigned long)
 .text._ZN14USBDeviceClass7armRecvEm
                0x0000a304       0x34 C:\Users\samsu\AppData\Local\Temp\arduino_cache_138925\core\core_02f97b69ad83e20fc58e413391494cff.a(USBCore.cpp.o)
                0x0000a304                USBDeviceClass::armRecv(unsigned long)
 .text._ZN14USBDeviceClass4recvEmPvm
                0x0000a338       0xc4 C:\Users\samsu\AppData\Local\Temp\arduino_cache_138925\core\core_02f97b69ad83e20fc58e413391494cff.a(USBCore.cpp.o)
                0x0000a338                USBDeviceClass::recv(unsigned long, void*, unsigned long)
 .text._ZN14USBDeviceClass4recvEm
                0x0000a3fc       0x1e C:\Users\samsu\AppData\Local\Temp\arduino_cache_138925\core\core_02f97b69ad83e20fc58e413391494cff.a(USBCore.cpp.o)
                0x0000a3fc                USBDeviceClass::recv(unsigned long)
 *fill*         0x0000a41a        0x2 
 .text._ZN14USBDeviceClass4sendEmPKvm
                0x0000a41c       0xf4 C:\Users\samsu\AppData\Local\Temp\arduino_cache_138925\core\core_02f97b69ad83e20fc58e413391494cff.a(USBCore.cpp.o)
                0x0000a41c                USBDeviceClass::send(unsigned long, void const*, unsigned long)
 .text._ZN14USBDeviceClass7armSendEmPKvm
                0x0000a510       0x3c C:\Users\samsu\AppData\Local\Temp\arduino_cache_138925\core\core_02f97b69ad83e20fc58e413391494cff.a(USBCore.cpp.o)
                0x0000a510                USBDeviceClass::armSend(unsigned long, void const*, unsigned long)
 .text._ZN14USBDeviceClass11sendControlEPKvm
                0x0000a54c       0x58 C:\Users\samsu\AppData\Local\Temp\arduino_cache_138925\core\core_02f97b69ad83e20fc58e413391494cff.a(USBCore.cpp.o)
                0x0000a54c                USBDeviceClass::sendControl(void const*, unsigned long)
 .text._ZN14USBDeviceClass20sendStringDescriptorEPKhh
                0x0000a5a4       0x6c C:\Users\samsu\AppData\Local\Temp\arduino_cache_138925\core\core_02f97b69ad83e20fc58e413391494cff.a(USBCore.cpp.o)
                0x0000a5a4                USBDeviceClass::sendStringDescriptor(unsigned char const*, unsigned char)
 .text._ZN14USBDeviceClass12packMessagesEb.part.6
                0x0000a610       0x1c C:\Users\samsu\AppData\Local\Temp\arduino_cache_138925\core\core_02f97b69ad83e20fc58e413391494cff.a(USBCore.cpp.o)
 .text._ZN14USBDeviceClass17sendConfigurationEm
                0x0000a62c       0xa4 C:\Users\samsu\AppData\Local\Temp\arduino_cache_138925\core\core_02f97b69ad83e20fc58e413391494cff.a(USBCore.cpp.o)
                0x0000a62c                USBDeviceClass::sendConfiguration(unsigned long)
 .text._ZN14USBDeviceClass14sendDescriptorER8USBSetup
                0x0000a6d0       0xb4 C:\Users\samsu\AppData\Local\Temp\arduino_cache_138925\core\core_02f97b69ad83e20fc58e413391494cff.a(USBCore.cpp.o)
                0x0000a6d0                USBDeviceClass::sendDescriptor(USBSetup&)
 .text._ZN14USBDeviceClass19handleStandardSetupER8USBSetup
                0x0000a784      0x124 C:\Users\samsu\AppData\Local\Temp\arduino_cache_138925\core\core_02f97b69ad83e20fc58e413391494cff.a(USBCore.cpp.o)
                0x0000a784                USBDeviceClass::handleStandardSetup(USBSetup&)
 .text._ZN14USBDeviceClass10ISRHandlerEv
                0x0000a8a8      0x110 C:\Users\samsu\AppData\Local\Temp\arduino_cache_138925\core\core_02f97b69ad83e20fc58e413391494cff.a(USBCore.cpp.o)
                0x0000a8a8                USBDeviceClass::ISRHandler()
 .text.UDD_Handler
                0x0000a9b8        0xc C:\Users\samsu\AppData\Local\Temp\arduino_cache_138925\core\core_02f97b69ad83e20fc58e413391494cff.a(USBCore.cpp.o)
                0x0000a9b8                UDD_Handler
 .text.startup._GLOBAL__sub_I_usbd
                0x0000a9c4       0x10 C:\Users\samsu\AppData\Local\Temp\arduino_cache_138925\core\core_02f97b69ad83e20fc58e413391494cff.a(USBCore.cpp.o)
 .text._ZN4UartcvbEv
                0x0000a9d4        0x4 C:\Users\samsu\AppData\Local\Temp\arduino_cache_138925\core\core_02f97b69ad83e20fc58e413391494cff.a(Uart.cpp.o)
                0x0000a9d4                Uart::operator bool()
 .text._ZN4Uart5beginEm
                0x0000a9d8        0xe C:\Users\samsu\AppData\Local\Temp\arduino_cache_138925\core\core_02f97b69ad83e20fc58e413391494cff.a(Uart.cpp.o)
                0x0000a9d8                Uart::begin(unsigned long)
 .text._ZN4Uart4peekEv
                0x0000a9e6       0x1a C:\Users\samsu\AppData\Local\Temp\arduino_cache_138925\core\core_02f97b69ad83e20fc58e413391494cff.a(Uart.cpp.o)
                0x0000a9e6                Uart::peek()
 .text._ZN4Uart3endEv
                0x0000aa00       0x1e C:\Users\samsu\AppData\Local\Temp\arduino_cache_138925\core\core_02f97b69ad83e20fc58e413391494cff.a(Uart.cpp.o)
                0x0000aa00                Uart::end()
 *fill*         0x0000aa1e        0x2 
 .text._ZN4UartC2EP6SERCOMhh11SercomRXPad15SercomUartTXPadhh
                0x0000aa20       0x78 C:\Users\samsu\AppData\Local\Temp\arduino_cache_138925\core\core_02f97b69ad83e20fc58e413391494cff.a(Uart.cpp.o)
                0x0000aa20                Uart::Uart(SERCOM*, unsigned char, unsigned char, SercomRXPad, SercomUartTXPad, unsigned char, unsigned char)
                0x0000aa20                Uart::Uart(SERCOM*, unsigned char, unsigned char, SercomRXPad, SercomUartTXPad, unsigned char, unsigned char)
 .text._ZN4UartC2EP6SERCOMhh11SercomRXPad15SercomUartTXPad
                0x0000aa98       0x22 C:\Users\samsu\AppData\Local\Temp\arduino_cache_138925\core\core_02f97b69ad83e20fc58e413391494cff.a(Uart.cpp.o)
                0x0000aa98                Uart::Uart(SERCOM*, unsigned char, unsigned char, SercomRXPad, SercomUartTXPad)
                0x0000aa98                Uart::Uart(SERCOM*, unsigned char, unsigned char, SercomRXPad, SercomUartTXPad)
 .text._ZN4Uart16extractNbStopBitEt
                0x0000aaba        0xe C:\Users\samsu\AppData\Local\Temp\arduino_cache_138925\core\core_02f97b69ad83e20fc58e413391494cff.a(Uart.cpp.o)
                0x0000aaba                Uart::extractNbStopBit(unsigned short)
 .text._ZN4Uart15extractCharSizeEt
                0x0000aac8       0x24 C:\Users\samsu\AppData\Local\Temp\arduino_cache_138925\core\core_02f97b69ad83e20fc58e413391494cff.a(Uart.cpp.o)
                0x0000aac8                Uart::extractCharSize(unsigned short)
 .text._ZN4Uart13extractParityEt
                0x0000aaec       0x16 C:\Users\samsu\AppData\Local\Temp\arduino_cache_138925\core\core_02f97b69ad83e20fc58e413391494cff.a(Uart.cpp.o)
                0x0000aaec                Uart::extractParity(unsigned short)
 *fill*         0x0000ab02        0x2 
 .text._ZN4Uart5beginEmt
                0x0000ab04       0xe4 C:\Users\samsu\AppData\Local\Temp\arduino_cache_138925\core\core_02f97b69ad83e20fc58e413391494cff.a(Uart.cpp.o)
                0x0000ab04                Uart::begin(unsigned long, unsigned short)
 .text._ZN11RingBufferNILi256EE9availableEv
                0x0000abe8       0x12 C:\Users\samsu\AppData\Local\Temp\arduino_cache_138925\core\core_02f97b69ad83e20fc58e413391494cff.a(Uart.cpp.o)
                0x0000abe8                RingBufferN<256>::available()
 .text._ZN4Uart5flushEv
                0x0000abfa       0x1a C:\Users\samsu\AppData\Local\Temp\arduino_cache_138925\core\core_02f97b69ad83e20fc58e413391494cff.a(Uart.cpp.o)
                0x0000abfa                Uart::flush()
 .text._ZN4Uart9availableEv
                0x0000ac14        0xa C:\Users\samsu\AppData\Local\Temp\arduino_cache_138925\core\core_02f97b69ad83e20fc58e413391494cff.a(Uart.cpp.o)
                0x0000ac14                Uart::available()
 .text._ZN11RingBufferNILi256EE17availableForStoreEv
                0x0000ac1e       0x2a C:\Users\samsu\AppData\Local\Temp\arduino_cache_138925\core\core_02f97b69ad83e20fc58e413391494cff.a(Uart.cpp.o)
                0x0000ac1e                RingBufferN<256>::availableForStore()
 .text._ZN4Uart17availableForWriteEv
                0x0000ac48        0xc C:\Users\samsu\AppData\Local\Temp\arduino_cache_138925\core\core_02f97b69ad83e20fc58e413391494cff.a(Uart.cpp.o)
                0x0000ac48                Uart::availableForWrite()
 .text._ZN4Uart10IrqHandlerEv
                0x0000ac54       0xc4 C:\Users\samsu\AppData\Local\Temp\arduino_cache_138925\core\core_02f97b69ad83e20fc58e413391494cff.a(Uart.cpp.o)
                0x0000ac54                Uart::IrqHandler()
 .text._ZN4Uart5writeEh
                0x0000ad18       0xac C:\Users\samsu\AppData\Local\Temp\arduino_cache_138925\core\core_02f97b69ad83e20fc58e413391494cff.a(Uart.cpp.o)
                0x0000ad18                Uart::write(unsigned char)
 .text._ZN4Uart4readEv
                0x0000adc4       0x4c C:\Users\samsu\AppData\Local\Temp\arduino_cache_138925\core\core_02f97b69ad83e20fc58e413391494cff.a(Uart.cpp.o)
                0x0000adc4                Uart::read()
 .text._ZNK6String14StringIfHelperEv
                0x0000ae10        0x2 C:\Users\samsu\AppData\Local\Temp\arduino_cache_138925\core\core_02f97b69ad83e20fc58e413391494cff.a(WString.cpp.o)
                0x0000ae10                String::StringIfHelper() const
 .text._ZN6StringD2Ev
                0x0000ae12        0xe C:\Users\samsu\AppData\Local\Temp\arduino_cache_138925\core\core_02f97b69ad83e20fc58e413391494cff.a(WString.cpp.o)
                0x0000ae12                String::~String()
                0x0000ae12                String::~String()
 .text._ZN6String10invalidateEv
                0x0000ae20       0x16 C:\Users\samsu\AppData\Local\Temp\arduino_cache_138925\core\core_02f97b69ad83e20fc58e413391494cff.a(WString.cpp.o)
                0x0000ae20                String::invalidate()
 .text._ZN6String12changeBufferEj
                0x0000ae36       0x18 C:\Users\samsu\AppData\Local\Temp\arduino_cache_138925\core\core_02f97b69ad83e20fc58e413391494cff.a(WString.cpp.o)
                0x0000ae36                String::changeBuffer(unsigned int)
 .text._ZN6String7reserveEj
                0x0000ae4e       0x22 C:\Users\samsu\AppData\Local\Temp\arduino_cache_138925\core\core_02f97b69ad83e20fc58e413391494cff.a(WString.cpp.o)
                0x0000ae4e                String::reserve(unsigned int)
 .text._ZN6String4copyEPKcj
                0x0000ae70       0x26 C:\Users\samsu\AppData\Local\Temp\arduino_cache_138925\core\core_02f97b69ad83e20fc58e413391494cff.a(WString.cpp.o)
                0x0000ae70                String::copy(char const*, unsigned int)
 .text._ZN6StringC2EPKc
                0x0000ae96       0x24 C:\Users\samsu\AppData\Local\Temp\arduino_cache_138925\core\core_02f97b69ad83e20fc58e413391494cff.a(WString.cpp.o)
                0x0000ae96                String::String(char const*)
                0x0000ae96                String::String(char const*)
 *fill*         0x0000aeba        0x2 
 .text._ZN6String4moveERS_
                0x0000aebc       0x44 C:\Users\samsu\AppData\Local\Temp\arduino_cache_138925\core\core_02f97b69ad83e20fc58e413391494cff.a(WString.cpp.o)
                0x0000aebc                String::move(String&)
 .text._ZN6StringaSEOS_
                0x0000af00       0x10 C:\Users\samsu\AppData\Local\Temp\arduino_cache_138925\core\core_02f97b69ad83e20fc58e413391494cff.a(WString.cpp.o)
                0x0000af00                String::operator=(String&&)
 .text._ZN6StringaSEPKc
                0x0000af10       0x22 C:\Users\samsu\AppData\Local\Temp\arduino_cache_138925\core\core_02f97b69ad83e20fc58e413391494cff.a(WString.cpp.o)
                0x0000af10                String::operator=(char const*)
 .text._ZNK6String9compareToERKS_
                0x0000af32       0x2c C:\Users\samsu\AppData\Local\Temp\arduino_cache_138925\core\core_02f97b69ad83e20fc58e413391494cff.a(WString.cpp.o)
                0x0000af32                String::compareTo(String const&) const
 .text._ZNK6String6equalsERKS_
                0x0000af5e       0x1c C:\Users\samsu\AppData\Local\Temp\arduino_cache_138925\core\core_02f97b69ad83e20fc58e413391494cff.a(WString.cpp.o)
                0x0000af5e                String::equals(String const&) const
 .text.__cxa_pure_virtual
                0x0000af7a        0x2 C:\Users\samsu\AppData\Local\Temp\arduino_cache_138925\core\core_02f97b69ad83e20fc58e413391494cff.a(abi.cpp.o)
                0x0000af7a                __cxa_pure_virtual
 .text.Dummy_Handler
                0x0000af7c        0x2 C:\Users\samsu\AppData\Local\Temp\arduino_cache_138925\core\core_02f97b69ad83e20fc58e413391494cff.a(cortex_handlers.c.o)
                0x0000af7c                EIC_5_Handler
                0x0000af7c                SERCOM0_2_Handler
                0x0000af7c                DebugMon_Handler
                0x0000af7c                EIC_13_Handler
                0x0000af7c                EVSYS_0_Handler
                0x0000af7c                TCC1_3_Handler
                0x0000af7c                DAC_3_Handler
                0x0000af7c                TRNG_Handler
                0x0000af7c                HardFault_Handler
                0x0000af7c                PDEC_2_Handler
                0x0000af7c                EIC_4_Handler
                0x0000af7c                AC_Handler
                0x0000af7c                TCC2_3_Handler
                0x0000af7c                PendSV_Handler
                0x0000af7c                NMI_Handler
                0x0000af7c                TC7_Handler
                0x0000af7c                ADC1_1_Handler
                0x0000af7c                EVSYS_3_Handler
                0x0000af7c                PDEC_0_Handler
                0x0000af7c                QSPI_Handler
                0x0000af7c                TCC0_0_Handler
                0x0000af7c                EIC_3_Handler
                0x0000af7c                TAL_0_Handler
                0x0000af7c                DAC_2_Handler
                0x0000af7c                SERCOM0_0_Handler
                0x0000af7c                RTC_Handler
                0x0000af7c                UsageFault_Handler
                0x0000af7c                SERCOM4_0_Handler
                0x0000af7c                EIC_10_Handler
                0x0000af7c                SERCOM0_3_Handler
                0x0000af7c                EIC_11_Handler
                0x0000af7c                EIC_9_Handler
                0x0000af7c                OSC32KCTRL_Handler
                0x0000af7c                TCC2_1_Handler
                0x0000af7c                SUPC_1_Handler
                0x0000af7c                TCC0_5_Handler
                0x0000af7c                TCC0_6_Handler
                0x0000af7c                SERCOM6_2_Handler
                0x0000af7c                EVSYS_1_Handler
                0x0000af7c                TCC1_4_Handler
                0x0000af7c                TC6_Handler
                0x0000af7c                DMAC_0_Handler
                0x0000af7c                WDT_Handler
                0x0000af7c                EIC_8_Handler
                0x0000af7c                EIC_15_Handler
                0x0000af7c                SERCOM6_0_Handler
                0x0000af7c                SERCOM5_0_Handler
                0x0000af7c                TC4_Handler
                0x0000af7c                TC1_Handler
                0x0000af7c                OSCCTRL_4_Handler
                0x0000af7c                SERCOM4_3_Handler
                0x0000af7c                EIC_12_Handler
                0x0000af7c                DMAC_4_Handler
                0x0000af7c                TCC4_2_Handler
                0x0000af7c                PAC_Handler
                0x0000af7c                TCC1_0_Handler
                0x0000af7c                OSCCTRL_0_Handler
                0x0000af7c                EIC_0_Handler
                0x0000af7c                OSCCTRL_3_Handler
                0x0000af7c                SERCOM4_1_Handler
                0x0000af7c                TC3_Handler
                0x0000af7c                Dummy_Handler
                0x0000af7c                TCC3_0_Handler
                0x0000af7c                TCC2_2_Handler
                0x0000af7c                SERCOM5_1_Handler
                0x0000af7c                TCC1_1_Handler
                0x0000af7c                DMAC_2_Handler
                0x0000af7c                ADC0_0_Handler
                0x0000af7c                SERCOM0_1_Handler
                0x0000af7c                OSCCTRL_2_Handler
                0x0000af7c                ADC1_0_Handler
                0x0000af7c                TCC1_2_Handler
                0x0000af7c                SERCOM7_1_Handler
                0x0000af7c                PM_Handler
                0x0000af7c                SERCOM6_3_Handler
                0x0000af7c                SERCOM2_3_Handler
                0x0000af7c                DAC_4_Handler
                0x0000af7c                TCC3_2_Handler
                0x0000af7c                SERCOM7_0_Handler
                0x0000af7c                TCC0_2_Handler
                0x0000af7c                DMAC_1_Handler
                0x0000af7c                TCC4_0_Handler
                0x0000af7c                SERCOM7_3_Handler
                0x0000af7c                SDHC1_Handler
                0x0000af7c                SERCOM7_2_Handler
                0x0000af7c                TCC2_0_Handler
                0x0000af7c                PDEC_1_Handler
                0x0000af7c                MemManage_Handler
                0x0000af7c                TCC4_1_Handler
                0x0000af7c                SERCOM5_3_Handler
                0x0000af7c                SVC_Handler
                0x0000af7c                SERCOM6_1_Handler
                0x0000af7c                SDHC0_Handler
                0x0000af7c                SERCOM1_1_Handler
                0x0000af7c                I2S_Handler
                0x0000af7c                EIC_2_Handler
                0x0000af7c                PCC_Handler
                0x0000af7c                DAC_0_Handler
                0x0000af7c                TCC0_1_Handler
                0x0000af7c                SERCOM1_3_Handler
                0x0000af7c                EIC_6_Handler
                0x0000af7c                OSCCTRL_1_Handler
                0x0000af7c                SERCOM1_0_Handler
                0x0000af7c                PUKCC_Handler
                0x0000af7c                SERCOM2_1_Handler
                0x0000af7c                SERCOM1_2_Handler
                0x0000af7c                EIC_1_Handler
                0x0000af7c                SERCOM4_2_Handler
                0x0000af7c                EVSYS_4_Handler
                0x0000af7c                EIC_7_Handler
                0x0000af7c                NVMCTRL_1_Handler
                0x0000af7c                SERCOM5_2_Handler
                0x0000af7c                ADC0_1_Handler
                0x0000af7c                SERCOM2_2_Handler
                0x0000af7c                TCC3_1_Handler
                0x0000af7c                EIC_14_Handler
                0x0000af7c                DAC_1_Handler
                0x0000af7c                NVMCTRL_0_Handler
                0x0000af7c                TAL_1_Handler
                0x0000af7c                MCLK_Handler
                0x0000af7c                EVSYS_2_Handler
                0x0000af7c                SUPC_0_Handler
                0x0000af7c                BusFault_Handler
                0x0000af7c                FREQM_Handler
                0x0000af7c                TC0_Handler
                0x0000af7c                TCC0_3_Handler
                0x0000af7c                DMAC_3_Handler
                0x0000af7c                TCC0_4_Handler
                0x0000af7c                RAMECC_Handler
                0x0000af7c                TC5_Handler
                0x0000af7c                SERCOM2_0_Handler
                0x0000af7c                ICM_Handler
                0x0000af7c                AES_Handler
 *fill*         0x0000af7e        0x2 
 .text.USB_0_Handler
                0x0000af80       0x10 C:\Users\samsu\AppData\Local\Temp\arduino_cache_138925\core\core_02f97b69ad83e20fc58e413391494cff.a(cortex_handlers.c.o)
                0x0000af80                USB_0_Handler
 .text.USB_1_Handler
                0x0000af90       0x10 C:\Users\samsu\AppData\Local\Temp\arduino_cache_138925\core\core_02f97b69ad83e20fc58e413391494cff.a(cortex_handlers.c.o)
                0x0000af90                USB_1_Handler
 .text.USB_2_Handler
                0x0000afa0       0x10 C:\Users\samsu\AppData\Local\Temp\arduino_cache_138925\core\core_02f97b69ad83e20fc58e413391494cff.a(cortex_handlers.c.o)
                0x0000afa0                USB_2_Handler
 .text.USB_3_Handler
                0x0000afb0       0x10 C:\Users\samsu\AppData\Local\Temp\arduino_cache_138925\core\core_02f97b69ad83e20fc58e413391494cff.a(cortex_handlers.c.o)
                0x0000afb0                USB_3_Handler
 .text.Reset_Handler